Component: Arm Compiler for Embedded 6.22 Tool: armlink [5ee90200]

==============================================================================

Section Cross References

    startup_stm32f407xx.o(STACK) refers (Special) to heapauxi.o(.text) for __use_two_region_memory
    startup_stm32f407xx.o(HEAP) refers (Special) to heapauxi.o(.text) for __use_two_region_memory
    startup_stm32f407xx.o(RESET) refers (Special) to heapauxi.o(.text) for __use_two_region_memory
    startup_stm32f407xx.o(RESET) refers to startup_stm32f407xx.o(STACK) for __initial_sp
    startup_stm32f407xx.o(RESET) refers to startup_stm32f407xx.o(.text) for Reset_Handler
    startup_stm32f407xx.o(RESET) refers to stm32f4xx_it.o(.text.NMI_Handler) for NMI_Handler
    startup_stm32f407xx.o(RESET) refers to stm32f4xx_it.o(.text.HardFault_Handler) for HardFault_Handler
    startup_stm32f407xx.o(RESET) refers to stm32f4xx_it.o(.text.MemManage_Handler) for MemManage_Handler
    startup_stm32f407xx.o(RESET) refers to stm32f4xx_it.o(.text.BusFault_Handler) for BusFault_Handler
    startup_stm32f407xx.o(RESET) refers to stm32f4xx_it.o(.text.UsageFault_Handler) for UsageFault_Handler
    startup_stm32f407xx.o(RESET) refers to stm32f4xx_it.o(.text.SVC_Handler) for SVC_Handler
    startup_stm32f407xx.o(RESET) refers to stm32f4xx_it.o(.text.DebugMon_Handler) for DebugMon_Handler
    startup_stm32f407xx.o(RESET) refers to stm32f4xx_it.o(.text.PendSV_Handler) for PendSV_Handler
    startup_stm32f407xx.o(RESET) refers to stm32f4xx_it.o(.text.SysTick_Handler) for SysTick_Handler
    startup_stm32f407xx.o(RESET) refers to stm32f4xx_it.o(.text.DMA1_Stream3_IRQHandler) for DMA1_Stream3_IRQHandler
    startup_stm32f407xx.o(RESET) refers to stm32f4xx_it.o(.text.DMA1_Stream5_IRQHandler) for DMA1_Stream5_IRQHandler
    startup_stm32f407xx.o(.text) refers (Special) to heapauxi.o(.text) for __use_two_region_memory
    startup_stm32f407xx.o(.text) refers to system_stm32f4xx.o(.text.SystemInit) for SystemInit
    startup_stm32f407xx.o(.text) refers to __main.o(!!!main) for __main
    startup_stm32f407xx.o(.text) refers to startup_stm32f407xx.o(HEAP) for Heap_Mem
    startup_stm32f407xx.o(.text) refers to startup_stm32f407xx.o(STACK) for Stack_Mem
    my_cs43l22.o(.text.CS43_Init) refers to main.o(.bss.hi2s3) for hi2s3
    my_cs43l22.o(.text.CS43_Init) refers to stm32f4xx_hal_gpio.o(.text.HAL_GPIO_WritePin) for HAL_GPIO_WritePin
    my_cs43l22.o(.text.CS43_Init) refers to my_cs43l22.o(.bss..L_MergedGlobals) for .L_MergedGlobals
    my_cs43l22.o(.text.CS43_Init) refers to rt_memcpy_w.o(.text) for __aeabi_memcpy4
    my_cs43l22.o(.text.CS43_Init) refers to stm32f4xx_hal_i2c.o(.text.HAL_I2C_Master_Transmit) for HAL_I2C_Master_Transmit
    my_cs43l22.o(.text.CS43_Init) refers to stm32f4xx_hal_i2c.o(.text.HAL_I2C_Master_Receive) for HAL_I2C_Master_Receive
    my_cs43l22.o(.ARM.exidx.text.CS43_Init) refers to my_cs43l22.o(.text.CS43_Init) for [Anonymous Symbol]
    my_cs43l22.o(.text.CS43_Enable_RightLeft) refers to my_cs43l22.o(.bss..L_MergedGlobals) for .L_MergedGlobals
    my_cs43l22.o(.text.CS43_Enable_RightLeft) refers to stm32f4xx_hal_i2c.o(.text.HAL_I2C_Master_Transmit) for HAL_I2C_Master_Transmit
    my_cs43l22.o(.ARM.exidx.text.CS43_Enable_RightLeft) refers to my_cs43l22.o(.text.CS43_Enable_RightLeft) for [Anonymous Symbol]
    my_cs43l22.o(.text.CS43_SetVolume) refers to my_cs43l22.o(.bss..L_MergedGlobals) for .L_MergedGlobals
    my_cs43l22.o(.text.CS43_SetVolume) refers to stm32f4xx_hal_i2c.o(.text.HAL_I2C_Master_Transmit) for HAL_I2C_Master_Transmit
    my_cs43l22.o(.ARM.exidx.text.CS43_SetVolume) refers to my_cs43l22.o(.text.CS43_SetVolume) for [Anonymous Symbol]
    my_cs43l22.o(.text.CS43_Start) refers to my_cs43l22.o(.bss..L_MergedGlobals) for .L_MergedGlobals
    my_cs43l22.o(.text.CS43_Start) refers to stm32f4xx_hal_i2c.o(.text.HAL_I2C_Master_Transmit) for HAL_I2C_Master_Transmit
    my_cs43l22.o(.text.CS43_Start) refers to stm32f4xx_hal_i2c.o(.text.HAL_I2C_Master_Receive) for HAL_I2C_Master_Receive
    my_cs43l22.o(.ARM.exidx.text.CS43_Start) refers to my_cs43l22.o(.text.CS43_Start) for [Anonymous Symbol]
    my_cs43l22.o(.text.CS43_Stop) refers to my_cs43l22.o(.bss..L_MergedGlobals) for .L_MergedGlobals
    my_cs43l22.o(.text.CS43_Stop) refers to stm32f4xx_hal_i2c.o(.text.HAL_I2C_Master_Transmit) for HAL_I2C_Master_Transmit
    my_cs43l22.o(.ARM.exidx.text.CS43_Stop) refers to my_cs43l22.o(.text.CS43_Stop) for [Anonymous Symbol]
    main.o(.text.AudioProcessing) refers to pdm2pcm.o(.bss..L_MergedGlobals) for PDM1_filter_handler
    main.o(.text.AudioProcessing) refers to pdm_filter.o(.text) for PDM_Filter
    main.o(.ARM.exidx.text.AudioProcessing) refers to main.o(.text.AudioProcessing) for [Anonymous Symbol]
    main.o(.text.HAL_I2S_RxHalfCpltCallback) refers to main.o(.bss.pdm_buffer) for pdm_buffer
    main.o(.text.HAL_I2S_RxHalfCpltCallback) refers to main.o(.bss.pcm_buffer) for pcm_buffer
[...]
    MY_CS43L22.c                             0x00000000   Number         0  my_cs43l22.o ABSOLUTE
    dc.s                                     0x00000000   Number         0  dc.o ABSOLUTE
    main.c                                   0x00000000   Number         0  main.o ABSOLUTE
    pdm2pcm.c                                0x00000000   Number         0  pdm2pcm.o ABSOLUTE
    startup_stm32f407xx.s                    0x00000000   Number         0  startup_stm32f407xx.o ABSOLUTE
    stm32f4xx_hal.c                          0x00000000   Number         0  stm32f4xx_hal.o ABSOLUTE
    stm32f4xx_hal_cortex.c                   0x00000000   Number         0  stm32f4xx_hal_cortex.o ABSOLUTE
    stm32f4xx_hal_crc.c                      0x00000000   Number         0  stm32f4xx_hal_crc.o ABSOLUTE
    stm32f4xx_hal_dma.c                      0x00000000   Number         0  stm32f4xx_hal_dma.o ABSOLUTE
    stm32f4xx_hal_dma_ex.c                   0x00000000   Number         0  stm32f4xx_hal_dma_ex.o ABSOLUTE
    stm32f4xx_hal_exti.c                     0x00000000   Number         0  stm32f4xx_hal_exti.o ABSOLUTE
    stm32f4xx_hal_flash.c                    0x00000000   Number         0  stm32f4xx_hal_flash.o ABSOLUTE
    stm32f4xx_hal_flash_ex.c                 0x00000000   Number         0  stm32f4xx_hal_flash_ex.o ABSOLUTE
    stm32f4xx_hal_flash_ramfunc.c            0x00000000   Number         0  stm32f4xx_hal_flash_ramfunc.o ABSOLUTE
    stm32f4xx_hal_gpio.c                     0x00000000   Number         0  stm32f4xx_hal_gpio.o ABSOLUTE
    stm32f4xx_hal_i2c.c                      0x00000000   Number         0  stm32f4xx_hal_i2c.o ABSOLUTE
    stm32f4xx_hal_i2c_ex.c                   0x00000000   Number         0  stm32f4xx_hal_i2c_ex.o ABSOLUTE
    stm32f4xx_hal_i2s.c                      0x00000000   Number         0  stm32f4xx_hal_i2s.o ABSOLUTE
    stm32f4xx_hal_i2s_ex.c                   0x00000000   Number         0  stm32f4xx_hal_i2s_ex.o ABSOLUTE
    stm32f4xx_hal_msp.c                      0x00000000   Number         0  stm32f4xx_hal_msp.o ABSOLUTE
    stm32f4xx_hal_pwr.c                      0x00000000   Number         0  stm32f4xx_hal_pwr.o ABSOLUTE
    stm32f4xx_hal_pwr_ex.c                   0x00000000   Number         0  stm32f4xx_hal_pwr_ex.o ABSOLUTE
    stm32f4xx_hal_rcc.c                      0x00000000   Number         0  stm32f4xx_hal_rcc.o ABSOLUTE
    stm32f4xx_hal_rcc_ex.c                   0x00000000   Number         0  stm32f4xx_hal_rcc_ex.o ABSOLUTE
    stm32f4xx_hal_tim.c                      0x00000000   Number         0  stm32f4xx_hal_tim.o ABSOLUTE
    stm32f4xx_hal_tim_ex.c                   0x00000000   Number         0  stm32f4xx_hal_tim_ex.o ABSOLUTE
    stm32f4xx_it.c                           0x00000000   Number         0  stm32f4xx_it.o ABSOLUTE
    system_stm32f4xx.c                       0x00000000   Number         0  system_stm32f4xx.o ABSOLUTE
    __iar_systems$$module                    0x00000001   Number         0  pdm_filter.o ABSOLUTE
    RESET                                    0x08000000   Section      392  startup_stm32f407xx.o(RESET)
    !!!main                                  0x08000188   Section        8  __main.o(!!!main)
    !!!scatter                               0x08000190   Section       92  __scatter.o(!!!scatter)
    !!handler_copy                           0x080001ec   Section       26  __scatter_copy.o(!!handler_copy)
    !!handler_null                           0x08000208   Section        2  __scatter.o(!!handler_null)
    !!handler_zi                             0x0800020c   Section       28  __scatter_zi.o(!!handler_zi)
    .ARM.Collect$$libinit$$00000000          0x08000228   Section        2  libinit.o(.ARM.Collect$$libinit$$00000000)
    .ARM.Collect$$libinit$$00000001          0x0800022a   Section        4  libinit2.o(.ARM.Collect$$libinit$$00000001)
    .ARM.Collect$$libinit$$00000004          0x0800022e   Section        0  libinit2.o(.ARM.Collect$$libinit$$00000004)
    .ARM.Collect$$libinit$$00000006          0x0800022e   Section        0  libinit2.o(.ARM.Collect$$libinit$$00000006)
    .ARM.Collect$$libinit$$0000000C          0x0800022e   Section        0  libinit2.o(.ARM.Collect$$libinit$$0000000C)
    .ARM.Collect$$libinit$$0000000E          0x0800022e   Section        0  libinit2.o(.ARM.Collect$$libinit$$0000000E)
    .ARM.Collect$$libinit$$00000010          0x0800022e   Section        0  libinit2.o(.ARM.Collect$$libinit$$00000010)
    .ARM.Collect$$libinit$$00000013          0x0800022e   Section        0  libinit2.o(.ARM.Collect$$libinit$$00000013)
    .ARM.Collect$$libinit$$00000015          0x0800022e   Section        0  libinit2.o(.ARM.Collect$$libinit$$00000015)
    .ARM.Collect$$libinit$$00000017          0x0800022e   Section        0  libinit2.o(.ARM.Collect$$libinit$$00000017)
    .ARM.Collect$$libinit$$00000019          0x0800022e   Section        0  libinit2.o(.ARM.Collect$$libinit$$00000019)
    .ARM.Collect$$libinit$$0000001B          0x0800022e   Section        0  libinit2.o(.ARM.Collect$$libinit$$0000001B)
    .ARM.Collect$$libinit$$0000001D          0x0800022e   Section        0  libinit2.o(.ARM.Collect$$libinit$$0000001D)
    .ARM.Collect$$libinit$$0000001F          0x0800022e   Section        0  libinit2.o(.ARM.Collect$$libinit$$0000001F)
    .ARM.Collect$$libinit$$00000021          0x0800022e   Section        0  libinit2.o(.ARM.Collect$$libinit$$00000021)
    .ARM.Collect$$libinit$$00000023          0x0800022e   Section        0  libinit2.o(.ARM.Collect$$libinit$$00000023)
    .ARM.Collect$$libinit$$00000025          0x0800022e   Section        0  libinit2.o(.ARM.Collect$$libinit$$00000025)
    .ARM.Collect$$libinit$$00000027          0x0800022e   Section        0  libinit2.o(.ARM.Collect$$libinit$$00000027)
    .ARM.Collect$$libinit$$0000002E          0x0800022e   Section        0  libinit2.o(.ARM.Collect$$libinit$$0000002E)
    .ARM.Collect$$libinit$$00000030          0x0800022e   Section        0  libinit2.o(.ARM.Collect$$libinit$$00000030)
    .ARM.Collect$$libinit$$00000032          0x0800022e   Section        0  libinit2.o(.ARM.Collect$$libinit$$00000032)
    .ARM.Collect$$libinit$$00000034          0x0800022e   Section        0  libinit2.o(.ARM.Collect$$libinit$$00000034)
    .ARM.Collect$$libinit$$00000035          0x0800022e   Section        2  libinit2.o(.ARM.Collect$$libinit$$00000035)
    .ARM.Collect$$libshutdown$$00000000      0x08000230   Section        2  libshutdown.o(.ARM.Collect$$libshutdown$$00000000)
    .ARM.Collect$$libshutdown$$00000002      0x08000232   Section        0  libshutdown2.o(.ARM.Collect$$libshutdown$$00000002)
    .ARM.Collect$$libshutdown$$00000004      0x08000232   Section        0  libshutdown2.o(.ARM.Collect$$libshutdown$$00000004)
    .ARM.Collect$$libshutdown$$00000007      0x08000232   Section        0  libshutdown2.o(.ARM.Collect$$libshutdown$$00000007)
    .ARM.Collect$$libshutdown$$0000000A      0x08000232   Section        0  libshutdown2.o(.ARM.Collect$$libshutdown$$0000000A)
    .ARM.Collect$$libshutdown$$0000000C      0x08000232   Section        0  libshutdown2.o(.ARM.Collect$$libshutdown$$0000000C)
    .ARM.Collect$$libshutdown$$0000000F      0x08000232   Section        0  libshutdown2.o(.ARM.Collect$$libshutdown$$0000000F)
    .ARM.Collect$$libshutdown$$00000010      0x08000232   Section        2  libshutdown2.o(.ARM.Collect$$libshutdown$$00000010)
    .ARM.Collect$$rtentry$$00000000          0x08000234   Section        0  __rtentry.o(.ARM.Collect$$rtentry$$00000000)
    .ARM.Collect$$rtentry$$00000002          0x08000234   Section        0  __rtentry2.o(.ARM.Collect$$rtentry$$00000002)
    .ARM.Collect$$rtentry$$00000004          0x08000234   Section        6  __rtentry4.o(.ARM.Collect$$rtentry$$00000004)
    .ARM.Collect$$rtentry$$00000009          0x0800023a   Section        0  __rtentry2.o(.ARM.Collect$$rtentry$$00000009)
    .ARM.Collect$$rtentry$$0000000A          0x0800023a   Section        4  __rtentry2.o(.ARM.Collect$$rtentry$$0000000A)
    .ARM.Collect$$rtentry$$0000000C          0x0800023e   Section        0  __rtentry2.o(.ARM.Collect$$rtentry$$0000000C)
    .ARM.Collect$$rtentry$$0000000D          0x0800023e   Section        8  __rtentry2.o(.ARM.Collect$$rtentry$$0000000D)
    .ARM.Collect$$rtexit$$00000000           0x08000246   Section        2  rtexit.o(.ARM.Collect$$rtexit$$00000000)
    .ARM.Collect$$rtexit$$00000002           0x08000248   Section        0  rtexit2.o(.ARM.Collect$$rtexit$$00000002)
    .ARM.Collect$$rtexit$$00000003           0x08000248   Section        4  rtexit2.o(.ARM.Collect$$rtexit$$00000003)
    .ARM.Collect$$rtexit$$00000004           0x0800024c   Section        6  rtexit2.o(.ARM.Collect$$rtexit$$00000004)
    $v0                                      0x08000254   Number         0  startup_stm32f407xx.o(.text)
    .text                                    0x08000254   Section       64  startup_stm32f407xx.o(.text)
    .text7                                   0x08000294   Section        0  pdm_filter.o(.text)
    .text_4                                  0x0800047c   Number         0  pdm_filter.o(.text)
    .text_5                                  0x08000668   Number         0  pdm_filter.o(.text)
    .text_6                                  0x08000686   Number         0  pdm_filter.o(.text)
    __iar_annotation$$tailcall               0x080006b8   Number         0  pdm_filter.o(.text)
    .text_7                                  0x080006bc   Number         0  pdm_filter.o(.text)
    D16_GENERIC                              0x080006bd   Thumb Code   262  pdm_filter.o(.text)
    .text_8                                  0x080007c4   Number         0  pdm_filter.o(.text)
    .text_9                                  0x080007c8   Number         0  pdm_filter.o(.text)
    .text_10                                 0x080007cc   Number         0  pdm_filter.o(.text)
    .text_11                                 0x080007d0   Number         0  pdm_filter.o(.text)
    D24_GENERIC                              0x080007d1   Thumb Code   346  pdm_filter.o(.text)
    .text_12                                 0x0800092c   Number         0  pdm_filter.o(.text)
    .text_13                                 0x08000930   Number         0  pdm_filter.o(.text)
    .text_14                                 0x08000934   Number         0  pdm_filter.o(.text)
    .text_15                                 0x08000938   Number         0  pdm_filter.o(.text)
    D32_GENERIC                              0x08000939   Thumb Code   354  pdm_filter.o(.text)
    .text_16                                 0x08000a9c   Number         0  pdm_filter.o(.text)
    D48_GENERIC                              0x08000a9d   Thumb Code   440  pdm_filter.o(.text)
    .text_17                                 0x08000c54   Number         0  pdm_filter.o(.text)
    D64_GENERIC                              0x08000c55   Thumb Code   512  pdm_filter.o(.text)
    .text_18                                 0x08000e54   Number         0  pdm_filter.o(.text)
    .text_19                                 0x08000e58   Number         0  pdm_filter.o(.text)
    .text_20                                 0x08000e5c   Number         0  pdm_filter.o(.text)
    .text_21                                 0x08000e60   Number         0  pdm_filter.o(.text)
    .text_22                                 0x08000e64   Number         0  pdm_filter.o(.text)
    .text_23                                 0x08000e68   Number         0  pdm_filter.o(.text)
    .text_24                                 0x08000e6c   Number         0  pdm_filter.o(.text)
    .text_25                                 0x08000e70   Number         0  pdm_filter.o(.text)
    .text_26                                 0x08000e74   Number         0  pdm_filter.o(.text)
    .text_27                                 0x08000e78   Number         0  pdm_filter.o(.text)
    .text_28                                 0x08000e7c   Number         0  pdm_filter.o(.text)
    D80_GENERIC                              0x08000e7d   Thumb Code   624  pdm_filter.o(.text)
    .text_29                                 0x080010ec   Number         0  pdm_filter.o(.text)
    .text_30                                 0x080010f0   Number         0  pdm_filter.o(.text)
    .text_31                                 0x080010f4   Number         0  pdm_filter.o(.text)
    .text_32                                 0x080010f8   Number         0  pdm_filter.o(.text)
    .text_33                                 0x080010fc   Number         0  pdm_filter.o(.text)
    .text_34                                 0x08001100   Number         0  pdm_filter.o(.text)
    .text_35                                 0x08001104   Number         0  pdm_filter.o(.text)
    .text_36                                 0x08001108   Number         0  pdm_filter.o(.text)
    .text_37                                 0x0800110c   Number         0  pdm_filter.o(.text)
    .text_38                                 0x08001110   Number         0  pdm_filter.o(.text)
    .text_39                                 0x08001114   Number         0  pdm_filter.o(.text)
    D128_GENERIC                             0x08001115   Thumb Code   926  pdm_filter.o(.text)
    .text_40                                 0x080014b4   Number         0  pdm_filter.o(.text)
    D16_1CH_HTONS_VOL_HP                     0x080014b5   Thumb Code   182  pdm_filter.o(.text)
    .text_41                                 0x0800156c   Number         0  pdm_filter.o(.text)
    D24_1CH_HTONS_VOL_HP                     0x0800156d   Thumb Code   288  pdm_filter.o(.text)
    .text_42                                 0x0800168c   Number         0  pdm_filter.o(.text)
    .text_43                                 0x08001690   Number         0  pdm_filter.o(.text)
    .text_44                                 0x08001694   Number         0  pdm_filter.o(.text)
    .text_45                                 0x08001698   Number         0  pdm_filter.o(.text)
    .text_46                                 0x0800169c   Number         0  pdm_filter.o(.text)
    D32_1CH_HTONS_VOL_HP                     0x0800169d   Thumb Code   264  pdm_filter.o(.text)
    .text_47                                 0x080017a4   Number         0  pdm_filter.o(.text)
    .text_48                                 0x080017a8   Number         0  pdm_filter.o(.text)
    .text_49                                 0x080017ac   Number         0  pdm_filter.o(.text)
    .text_50                                 0x080017b0   Number         0  pdm_filter.o(.text)
    .text_51                                 0x080017b4   Number         0  pdm_filter.o(.text)
    D48_1CH_HTONS_VOL_HP                     0x080017b5   Thumb Code   348  pdm_filter.o(.text)
    .text_52                                 0x08001910   Number         0  pdm_filter.o(.text)
    .text_53                                 0x08001914   Number         0  pdm_filter.o(.text)
    .text_54                                 0x08001918   Number         0  pdm_filter.o(.text)
    .text_55                                 0x0800191c   Number         0  pdm_filter.o(.text)
    .text_56                                 0x08001920   Number         0  pdm_filter.o(.text)
    D64_1CH_HTONS_VOL_HP                     0x08001921   Thumb Code   416  pdm_filter.o(.text)
    .text_57                                 0x08001ac0   Number         0  pdm_filter.o(.text)
    .text_58                                 0x08001ac4   Number         0  pdm_filter.o(.text)
    .text_59                                 0x08001ac8   Number         0  pdm_filter.o(.text)
    .text_60                                 0x08001acc   Number         0  pdm_filter.o(.text)
    D80_1CH_HTONS_VOL_HP                     0x08001acd   Thumb Code   520  pdm_filter.o(.text)
    .text_61                                 0x08001cd4   Number         0  pdm_filter.o(.text)
    .text_62                                 0x08001cd8   Number         0  pdm_filter.o(.text)
    .text_63                                 0x08001cdc   Number         0  pdm_filter.o(.text)
    .text_64                                 0x08001ce0   Number         0  pdm_filter.o(.text)
    .text_65                                 0x08001ce4   Number         0  pdm_filter.o(.text)
    .text_66                                 0x08001ce8   Number         0  pdm_filter.o(.text)
    .text_67                                 0x08001cec   Number         0  pdm_filter.o(.text)
    .text_68                                 0x08001cf0   Number         0  pdm_filter.o(.text)
    .text_69                                 0x08001cf4   Number         0  pdm_filter.o(.text)
    .text_70                                 0x08001cf8   Number         0  pdm_filter.o(.text)
    .text_71                                 0x08001cfc   Number         0  pdm_filter.o(.text)
    D128_1CH_HTONS_VOL_HP                    0x08001cfd   Thumb Code   730  pdm_filter.o(.text)
    .text_72                                 0x08001fd8   Number         0  pdm_filter.o(.text)
    .text_73                                 0x08001fdc   Number         0  pdm_filter.o(.text)
    .text_74                                 0x08001fe0   Number         0  pdm_filter.o(.text)
    .text_75                                 0x08001fe4   Number         0  pdm_filter.o(.text)
    .text_76                                 0x08001fe8   Number         0  pdm_filter.o(.text)
    .text_77                                 0x08001fec   Number         0  pdm_filter.o(.text)
    .text_78                                 0x08001ff0   Number         0  pdm_filter.o(.text)
    .text_79                                 0x08001ff4   Number         0  pdm_filter.o(.text)
    .text_80                                 0x08001ff8   Number         0  pdm_filter.o(.text)
    .text_81                                 0x08001ffc   Number         0  pdm_filter.o(.text)
    .text_82                                 0x08002000   Number         0  pdm_filter.o(.text)
    .text_83                                 0x08002004   Number         0  pdm_filter.o(.text)
    .text_84                                 0x08002008   Number         0  pdm_filter.o(.text)
    .text_85                                 0x0800200c   Number         0  pdm_filter.o(.text)
    .text_86                                 0x08002010   Number         0  pdm_filter.o(.text)
    .text_87                                 0x08002014   Number         0  pdm_filter.o(.text)
    .text_88                                 0x08002018   Number         0  pdm_filter.o(.text)
    .text_89                                 0x0800201c   Number         0  pdm_filter.o(.text)
    .text_90                                 0x08002020   Number         0  pdm_filter.o(.text)
    .text_91                                 0x08002024   Number         0  pdm_filter.o(.text)
    .text_92                                 0x08002028   Number         0  pdm_filter.o(.text)
    .text_93                                 0x0800202c   Number         0  pdm_filter.o(.text)
    .text_94                                 0x08002030   Number         0  pdm_filter.o(.text)
    .text_95                                 0x08002034   Number         0  pdm_filter.o(.text)
    .text_96                                 0x08002038   Number         0  pdm_filter.o(.text)
    .text_97                                 0x0800203c   Number         0  pdm_filter.o(.text)
    .text_98                                 0x08002040   Number         0  pdm_filter.o(.text)
    .text_99                                 0x08002044   Number         0  pdm_filter.o(.text)
    .text_100                                0x08002048   Number         0  pdm_filter.o(.text)
    .text_101                                0x0800204c   Number         0  pdm_filter.o(.text)
    .text_102                                0x08002050   Number         0  pdm_filter.o(.text)
    .text                                    0x08002054   Section      240  lludivv7m.o(.text)
    .text                                    0x08002144   Section      100  rt_memcpy_w.o(.text)
    .text                                    0x080021a8   Section       68  rt_memclr.o(.text)
    .text                                    0x080021ec   Section       78  rt_memclr_w.o(.text)
    .text                                    0x0800223a   Section        0  heapauxi.o(.text)
    .text                                    0x08002240   Section        0  _rserrno.o(.text)
    .text                                    0x08002258   Section        8  rt_errno_addr_intlibspace.o(.text)
    .text                                    0x08002260   Section        8  libspace.o(.text)
    .text                                    0x08002268   Section       74  sys_stackheap_outer.o(.text)
    .text                                    0x080022b2   Section        0  exit.o(.text)
    .text                                    0x080022c4   Section        0  sys_exit.o(.text)
    .text                                    0x080022d0   Section        2  use_no_semi.o(.text)
    .text                                    0x080022d2   Section        0  indicate_semi.o(.text)
    [Anonymous Symbol]                       0x080022d4   Section        0  stm32f4xx_it.o(.text.BusFault_Handler)
    [Anonymous Symbol]                       0x080022d8   Section        0  my_cs43l22.o(.text.CS43_Enable_RightLeft)
    [Anonymous Symbol]                       0x08002320   Section        0  my_cs43l22.o(.text.CS43_Init)
    [Anonymous Symbol]                       0x0800254c   Section        0  my_cs43l22.o(.text.CS43_SetVolume)
    [Anonymous Symbol]                       0x080025d4   Section        0  my_cs43l22.o(.text.CS43_Start)
    [Anonymous Symbol]                       0x080026ac   Section        0  stm32f4xx_it.o(.text.DMA1_Stream3_IRQHandler)
    [Anonymous Symbol]                       0x080026b8   Section        0  stm32f4xx_it.o(.text.DMA1_Stream5_IRQHandler)
    [Anonymous Symbol]                       0x080026c4   Section        0  stm32f4xx_it.o(.text.DebugMon_Handler)
    [Anonymous Symbol]                       0x080026c8   Section        0  main.o(.text.Error_Handler)
    [Anonymous Symbol]                       0x080026d0   Section        0  stm32f4xx_hal_crc.o(.text.HAL_CRC_Init)
    [Anonymous Symbol]                       0x08002700   Section        0  stm32f4xx_hal_msp.o(.text.HAL_CRC_MspInit)
    [Anonymous Symbol]                       0x08002730   Section        0  stm32f4xx_hal_dma.o(.text.HAL_DMA_IRQHandler)
    [Anonymous Symbol]                       0x080028e0   Section        0  stm32f4xx_hal_dma.o(.text.HAL_DMA_Init)
    [Anonymous Symbol]                       0x08002a34   Section        0  stm32f4xx_hal_dma.o(.text.HAL_DMA_Start_IT)
    [Anonymous Symbol]                       0x08002ad4   Section        0  stm32f4xx_hal_gpio.o(.text.HAL_GPIO_Init)
    [Anonymous Symbol]                       0x08002c74   Section        0  stm32f4xx_hal_gpio.o(.text.HAL_GPIO_WritePin)
    [Anonymous Symbol]                       0x08002c80   Section        0  stm32f4xx_hal.o(.text.HAL_GetTick)
    [Anonymous Symbol]                       0x08002c8c   Section        0  stm32f4xx_hal_i2c.o(.text.HAL_I2C_Init)
    [Anonymous Symbol]                       0x08002de8   Section        0  stm32f4xx_hal_i2c.o(.text.HAL_I2C_Master_Receive)
    [Anonymous Symbol]                       0x080030e8   Section        0  stm32f4xx_hal_i2c.o(.text.HAL_I2C_Master_Transmit)
    [Anonymous Symbol]                       0x080032b0   Section        0  stm32f4xx_hal_msp.o(.text.HAL_I2C_MspInit)
    [Anonymous Symbol]                       0x08003328   Section        0  stm32f4xx_hal_i2s_ex.o(.text.HAL_I2SEx_FullDuplex_IRQHandler)
    [Anonymous Symbol]                       0x08003588   Section        0  stm32f4xx_hal_i2s_ex.o(.text.HAL_I2SEx_TxRxCpltCallback)
    [Anonymous Symbol]                       0x0800358c   Section        0  stm32f4xx_hal_i2s.o(.text.HAL_I2S_ErrorCallback)
    [Anonymous Symbol]                       0x08003590   Section        0  stm32f4xx_hal_i2s.o(.text.HAL_I2S_Init)
    [Anonymous Symbol]                       0x080036f8   Section        0  stm32f4xx_hal_msp.o(.text.HAL_I2S_MspInit)
    [Anonymous Symbol]                       0x080038e4   Section        0  stm32f4xx_hal_i2s.o(.text.HAL_I2S_Receive_DMA)
    [Anonymous Symbol]                       0x080039d8   Section        0  main.o(.text.HAL_I2S_RxCpltCallback)
    [Anonymous Symbol]                       0x08003a08   Section        0  main.o(.text.HAL_I2S_RxHalfCpltCallback)
    [Anonymous Symbol]                       0x08003a34   Section        0  stm32f4xx_hal_i2s.o(.text.HAL_I2S_Transmit_DMA)
    [Anonymous Symbol]                       0x08003b00   Section        0  stm32f4xx_hal_i2s.o(.text.HAL_I2S_TxCpltCallback)
    [Anonymous Symbol]                       0x08003b04   Section        0  stm32f4xx_hal_i2s.o(.text.HAL_I2S_TxHalfCpltCallback)
    [Anonymous Symbol]                       0x08003b08   Section        0  stm32f4xx_hal.o(.text.HAL_IncTick)
    [Anonymous Symbol]                       0x08003b24   Section        0  stm32f4xx_hal.o(.text.HAL_Init)
    [Anonymous Symbol]                       0x08003b5c   Section        0  stm32f4xx_hal.o(.text.HAL_InitTick)
    [Anonymous Symbol]                       0x08003ba4   Section        0  stm32f4xx_hal_msp.o(.text.HAL_MspInit)
    [Anonymous Symbol]                       0x08003be0   Section        0  stm32f4xx_hal_cortex.o(.text.HAL_NVIC_EnableIRQ)
    [Anonymous Symbol]                       0x08003c00   Section        0  stm32f4xx_hal_cortex.o(.text.HAL_NVIC_SetPriority)
    [Anonymous Symbol]                       0x08003c58   Section        0  stm32f4xx_hal_cortex.o(.text.HAL_NVIC_SetPriorityGrouping)
    [Anonymous Symbol]                       0x08003c78   Section        0  stm32f4xx_hal_rcc_ex.o(.text.HAL_RCCEx_GetPeriphCLKFreq)
    [Anonymous Symbol]                       0x08003cd0   Section        0  stm32f4xx_hal_rcc_ex.o(.text.HAL_RCCEx_PeriphCLKConfig)
    [Anonymous Symbol]                       0x08003e1c   Section        0  stm32f4xx_hal_rcc.o(.text.HAL_RCC_ClockConfig)
    [Anonymous Symbol]                       0x08003f80   Section        0  stm32f4xx_hal_rcc.o(.text.HAL_RCC_GetPCLK1Freq)
    [Anonymous Symbol]                       0x08003fa8   Section        0  stm32f4xx_hal_rcc.o(.text.HAL_RCC_GetSysClockFreq)
    [Anonymous Symbol]                       0x08004014   Section        0  stm32f4xx_hal_rcc.o(.text.HAL_RCC_OscConfig)
    [Anonymous Symbol]                       0x080043c0   Section        0  stm32f4xx_hal_cortex.o(.text.HAL_SYSTICK_Config)
    [Anonymous Symbol]                       0x080043ec   Section        0  stm32f4xx_it.o(.text.HardFault_Handler)
    I2C_WaitOnBTFFlagUntilTimeout            0x080043f1   Thumb Code   180  stm32f4xx_hal_i2c.o(.text.I2C_WaitOnBTFFlagUntilTimeout)
    [Anonymous Symbol]                       0x080043f0   Section        0  stm32f4xx_hal_i2c.o(.text.I2C_WaitOnBTFFlagUntilTimeout)
    I2C_WaitOnFlagUntilTimeout               0x080044a5   Thumb Code   446  stm32f4xx_hal_i2c.o(.text.I2C_WaitOnFlagUntilTimeout)
    [Anonymous Symbol]                       0x080044a4   Section        0  stm32f4xx_hal_i2c.o(.text.I2C_WaitOnFlagUntilTimeout)
    I2C_WaitOnMasterAddressFlagUntilTimeout  0x08004665   Thumb Code   210  stm32f4xx_hal_i2c.o(.text.I2C_WaitOnMasterAddressFlagUntilTimeout)
    [Anonymous Symbol]                       0x08004664   Section        0  stm32f4xx_hal_i2c.o(.text.I2C_WaitOnMasterAddressFlagUntilTimeout)
    I2C_WaitOnRXNEFlagUntilTimeout           0x08004739   Thumb Code   136  stm32f4xx_hal_i2c.o(.text.I2C_WaitOnRXNEFlagUntilTimeout)
    [Anonymous Symbol]                       0x08004738   Section        0  stm32f4xx_hal_i2c.o(.text.I2C_WaitOnRXNEFlagUntilTimeout)
    I2C_WaitOnTXEFlagUntilTimeout            0x080047c1   Thumb Code   180  stm32f4xx_hal_i2c.o(.text.I2C_WaitOnTXEFlagUntilTimeout)
    [Anonymous Symbol]                       0x080047c0   Section        0  stm32f4xx_hal_i2c.o(.text.I2C_WaitOnTXEFlagUntilTimeout)
    I2S_DMAError                             0x08004875   Thumb Code    34  stm32f4xx_hal_i2s.o(.text.I2S_DMAError)
    [Anonymous Symbol]                       0x08004874   Section        0  stm32f4xx_hal_i2s.o(.text.I2S_DMAError)
    I2S_DMARxCplt                            0x08004899   Thumb Code    34  stm32f4xx_hal_i2s.o(.text.I2S_DMARxCplt)
    [Anonymous Symbol]                       0x08004898   Section        0  stm32f4xx_hal_i2s.o(.text.I2S_DMARxCplt)
    I2S_DMARxHalfCplt                        0x080048bd   Thumb Code     6  stm32f4xx_hal_i2s.o(.text.I2S_DMARxHalfCplt)
    [Anonymous Symbol]                       0x080048bc   Section        0  stm32f4xx_hal_i2s.o(.text.I2S_DMARxHalfCplt)
    I2S_DMATxCplt                            0x080048c5   Thumb Code    34  stm32f4xx_hal_i2s.o(.text.I2S_DMATxCplt)
    [Anonymous Symbol]                       0x080048c4   Section        0  stm32f4xx_hal_i2s.o(.text.I2S_DMATxCplt)
    I2S_DMATxHalfCplt                        0x080048e9   Thumb Code     6  stm32f4xx_hal_i2s.o(.text.I2S_DMATxHalfCplt)
    [Anonymous Symbol]                       0x080048e8   Section        0  stm32f4xx_hal_i2s.o(.text.I2S_DMATxHalfCplt)
    I2S_IRQHandler                           0x080048f1   Thumb Code   252  stm32f4xx_hal_i2s.o(.text.I2S_IRQHandler)
    [Anonymous Symbol]                       0x080048f0   Section        0  stm32f4xx_hal_i2s.o(.text.I2S_IRQHandler)
    [Anonymous Symbol]                       0x080049ec   Section        0  pdm2pcm.o(.text.MX_PDM2PCM_Init)
    [Anonymous Symbol]                       0x08004a2c   Section        0  stm32f4xx_it.o(.text.MemManage_Handler)
    [Anonymous Symbol]                       0x08004a30   Section        0  stm32f4xx_it.o(.text.NMI_Handler)
    [Anonymous Symbol]                       0x08004a34   Section        0  stm32f4xx_it.o(.text.PendSV_Handler)
    [Anonymous Symbol]                       0x08004a38   Section        0  stm32f4xx_it.o(.text.SVC_Handler)
    [Anonymous Symbol]                       0x08004a3c   Section        0  stm32f4xx_it.o(.text.SysTick_Handler)
    [Anonymous Symbol]                       0x08004a40   Section        0  main.o(.text.SystemClock_Config)
    [Anonymous Symbol]                       0x08004aec   Section        0  system_stm32f4xx.o(.text.SystemInit)
    [Anonymous Symbol]                       0x08004b00   Section        0  stm32f4xx_it.o(.text.UsageFault_Handler)
    [Anonymous Symbol]                       0x08004b04   Section        0  main.o(.text.main)
    i.__ARM_fpclassifyf                      0x08004d06   Section        0  fpclassifyf.o(i.__ARM_fpclassifyf)
    i.__hardfp_powf                          0x08004d2c   Section        0  powf.o(i.__hardfp_powf)
    i.__hardfp_roundf                        0x08005390   Section        0  roundf.o(i.__hardfp_roundf)
    i.__mathlib_flt_divzero                  0x0800542c   Section        0  funder.o(i.__mathlib_flt_divzero)
    i.__mathlib_flt_infnan2                  0x08005440   Section        0  funder.o(i.__mathlib_flt_infnan2)
    i.__mathlib_flt_invalid                  0x08005448   Section        0  funder.o(i.__mathlib_flt_invalid)
    i.__mathlib_flt_overflow                 0x08005458   Section        0  funder.o(i.__mathlib_flt_overflow)
    i.__mathlib_flt_underflow                0x08005468   Section        0  funder.o(i.__mathlib_flt_underflow)
    i.powf                                   0x08005478   Section        0  powf.o(i.powf)
    i.roundf                                 0x0800548c   Section        0  roundf.o(i.roundf)
    $v0                                      0x0800549c   Number         0  fnaninf.o(x$fpl$fnaninf)
    x$fpl$fnaninf                            0x0800549c   Section      140  fnaninf.o(x$fpl$fnaninf)
    $v0                                      0x08005528   Number         0  fpinit.o(x$fpl$fpinit)
    x$fpl$fpinit                             0x08005528   Section       26  fpinit.o(x$fpl$fpinit)
    $v0                                      0x08005544   Number         0  frnd.o(x$fpl$frnd)
    x$fpl$frnd                               0x08005544   Section       96  frnd.o(x$fpl$frnd)
    table                                    0x080055a4   Data         128  powf.o(.constdata)
    .constdata                               0x080055a4   Section      320  powf.o(.constdata)
    x$fpl$usenofp                            0x080055a4   Section        0  usenofp.o(x$fpl$usenofp)
    powersof2to1over16top                    0x08005624   Data          64  powf.o(.constdata)
    powersof2to1over16bot                    0x08005664   Data          64  powf.o(.constdata)
    powersof2to1over16all                    0x080056a4   Data          64  powf.o(.constdata)
    DMA_CalcBaseAndBitshift.flagBitshiftOffset 0x080056fc   Data           8  stm32f4xx_hal_dma.o(.rodata.cst8)
    [Anonymous Symbol]                       0x080056fc   Section        0  stm32f4xx_hal_dma.o(.rodata.cst8)
    LT_Initialization                        0x20000000   Data           1  pdm_filter.o(.data)
    T_0_1_2                                  0x20000004   Data        1024  pdm_filter.o(.data)
    .L_MergedGlobals                         0x20000404   Data           8  stm32f4xx_hal.o(.data..L_MergedGlobals)
    [Anonymous Symbol]                       0x20000404   Section        0  stm32f4xx_hal.o(.data..L_MergedGlobals)
    .bss                                     0x20000410   Section       96  libspace.o(.bss)
    .L_MergedGlobals                         0x20000470   Data          96  my_cs43l22.o(.bss..L_MergedGlobals)
    iData                                    0x20000470   Data           2  my_cs43l22.o(.bss..L_MergedGlobals)
    [Anonymous Symbol]                       0x20000470   Section        0  my_cs43l22.o(.bss..L_MergedGlobals)
    i2cx                                     0x20000474   Data          92  my_cs43l22.o(.bss..L_MergedGlobals)
    .L_MergedGlobals                         0x200004d0   Data          88  main.o(.bss..L_MergedGlobals)
    [Anonymous Symbol]                       0x200004d0   Section        0  main.o(.bss..L_MergedGlobals)
    .L_MergedGlobals                         0x20000528   Data          84  pdm2pcm.o(.bss..L_MergedGlobals)
    [Anonymous Symbol]                       0x20000528   Section        0  pdm2pcm.o(.bss..L_MergedGlobals)
    Heap_Mem                                 0x20000870   Data         512  startup_stm32f407xx.o(HEAP)
    HEAP                                     0x20000870   Section      512  startup_stm32f407xx.o(HEAP)
    Stack_Mem                                0x20000a70   Data        1024  startup_stm32f407xx.o(STACK)
    STACK                                    0x20000a70   Section     1024  startup_stm32f407xx.o(STACK)
    __initial_sp                             0x20000e70   Data           0  startup_stm32f407xx.o(STACK)

    Global Symbols

    Symbol Name                              Value     Ov Type        Size  Object(Section)

    BuildAttributes$$THM_ISAv4$E$P$D$K$B$S$7EM$VFPi3$EXTD16$VFPS$VFMA$PE$A:L22UL41UL21$X:L11$S22US41US21$IEEE1$IW$~IW$USESV6$~STKCKD$USESV7$WCHAR32$ENUMINT$~SHL$OTIME$ROPI$IEEEX$EBA8$UX$STANDARDLIB$REQ8$PRES8$EABIv2 0x00000000   Number         0  anon$$obj.o ABSOLUTE
    __ARM_exceptions_init                     - Undefined Weak Reference
    __alloca_initialize                       - Undefined Weak Reference
    __arm_preinit_                            - Undefined Weak Reference
    __arm_relocate_pie_                       - Undefined Weak Reference
    __cpp_initialize__aeabi_                  - Undefined Weak Reference
    __cxa_finalize                            - Undefined Weak Reference
    __decompress                              - Undefined Weak Reference
    __rt_locale                               - Undefined Weak Reference
    __sigvec_lookup                           - Undefined Weak Reference
    _atexit_init                              - Undefined Weak Reference
    _call_atexit_fns                          - Undefined Weak Reference
    _clock_init                               - Undefined Weak Reference
    _fp_trap_init                             - Undefined Weak Reference
    _fp_trap_shutdown                         - Undefined Weak Reference
    _get_lc_collate                           - Undefined Weak Reference
    _get_lc_ctype                             - Undefined Weak Reference
    _get_lc_monetary                          - Undefined Weak Reference
    _get_lc_numeric                           - Undefined Weak Reference
    _get_lc_time                              - Undefined Weak Reference
    _getenv_init                              - Undefined Weak Reference
    _handle_redirection                       - Undefined Weak Reference
    _init_alloc                               - Undefined Weak Reference
    _init_user_alloc                          - Undefined Weak Reference
    _initio                                   - Undefined Weak Reference
    _rand_init                                - Undefined Weak Reference
    _signal_finish                            - Undefined Weak Reference
    _signal_init                              - Undefined Weak Reference
    _terminate_alloc                          - Undefined Weak Reference
    _terminate_user_alloc                     - Undefined Weak Reference
    _terminateio                              - Undefined Weak Reference
    __Vectors_Size                           0x00000188   Number         0  startup_stm32f407xx.o ABSOLUTE
    __Vectors                                0x08000000   Data           4  startup_stm32f407xx.o(RESET)
    __Vectors_End                            0x08000188   Data           0  startup_stm32f407xx.o(RESET)
    __main                                   0x08000189   Thumb Code     8  __main.o(!!!main)
    __scatterload                            0x08000191   Thumb Code     0  __scatter.o(!!!scatter)
    __scatterload_rt2                        0x08000191   Thumb Code    84  __scatter.o(!!!scatter)
    __scatterload_rt2_thumb_only             0x08000191   Thumb Code     0  __scatter.o(!!!scatter)
    __scatterload_loop                       0x0800019b   Thumb Code     0  __scatter.o(!!!scatter)
    __scatterload_copy                       0x080001ed   Thumb Code    26  __scatter_copy.o(!!handler_copy)
    __scatterload_null                       0x08000209   Thumb Code     2  __scatter.o(!!handler_null)
    __scatterload_zeroinit                   0x0800020d   Thumb Code    28  __scatter_zi.o(!!handler_zi)
    __rt_lib_init                            0x08000229   Thumb Code     0  libinit.o(.ARM.Collect$$libinit$$00000000)
    __rt_lib_init_fp_1                       0x0800022b   Thumb Code     0  libinit2.o(.ARM.Collect$$libinit$$00000001)
    __rt_lib_init_alloca_1                   0x0800022f   Thumb Code     0  libinit2.o(.ARM.Collect$$libinit$$00000030)
    __rt_lib_init_argv_1                     0x0800022f   Thumb Code     0  libinit2.o(.ARM.Collect$$libinit$$0000002E)
    __rt_lib_init_atexit_1                   0x0800022f   Thumb Code     0  libinit2.o(.ARM.Collect$$libinit$$0000001D)
    __rt_lib_init_clock_1                    0x0800022f   Thumb Code     0  libinit2.o(.ARM.Collect$$libinit$$00000023)
    __rt_lib_init_cpp_1                      0x0800022f   Thumb Code     0  libinit2.o(.ARM.Collect$$libinit$$00000034)
    __rt_lib_init_exceptions_1               0x0800022f   Thumb Code     0  libinit2.o(.ARM.Collect$$libinit$$00000032)
    __rt_lib_init_fp_trap_1                  0x0800022f   Thumb Code     0  libinit2.o(.ARM.Collect$$libinit$$00000021)
    __rt_lib_init_getenv_1                   0x0800022f   Thumb Code     0  libinit2.o(.ARM.Collect$$libinit$$00000025)
    __rt_lib_init_heap_1                     0x0800022f   Thumb Code     0  libinit2.o(.ARM.Collect$$libinit$$0000000C)
    __rt_lib_init_lc_collate_1               0x0800022f   Thumb Code     0  libinit2.o(.ARM.Collect$$libinit$$00000013)
    __rt_lib_init_lc_ctype_1                 0x0800022f   Thumb Code     0  libinit2.o(.ARM.Collect$$libinit$$00000015)
    __rt_lib_init_lc_monetary_1              0x0800022f   Thumb Code     0  libinit2.o(.ARM.Collect$$libinit$$00000017)
    __rt_lib_init_lc_numeric_1               0x0800022f   Thumb Code     0  libinit2.o(.ARM.Collect$$libinit$$00000019)
    __rt_lib_init_lc_time_1                  0x0800022f   Thumb Code     0  libinit2.o(.ARM.Collect$$libinit$$0000001B)
    __rt_lib_init_preinit_1                  0x0800022f   Thumb Code     0  libinit2.o(.ARM.Collect$$libinit$$00000006)
    __rt_lib_init_rand_1                     0x0800022f   Thumb Code     0  libinit2.o(.ARM.Collect$$libinit$$00000010)
    __rt_lib_init_relocate_pie_1             0x0800022f   Thumb Code     0  libinit2.o(.ARM.Collect$$libinit$$00000004)
    __rt_lib_init_return                     0x0800022f   Thumb Code     0  libinit2.o(.ARM.Collect$$libinit$$00000035)
    __rt_lib_init_signal_1                   0x0800022f   Thumb Code     0  libinit2.o(.ARM.Collect$$libinit$$0000001F)
    __rt_lib_init_stdio_1                    0x0800022f   Thumb Code     0  libinit2.o(.ARM.Collect$$libinit$$00000027)
    __rt_lib_init_user_alloc_1               0x0800022f   Thumb Code     0  libinit2.o(.ARM.Collect$$libinit$$0000000E)
    __rt_lib_shutdown                        0x08000231   Thumb Code     0  libshutdown.o(.ARM.Collect$$libshutdown$$00000000)
    __rt_lib_shutdown_cpp_1                  0x08000233   Thumb Code     0  libshutdown2.o(.ARM.Collect$$libshutdown$$00000002)
    __rt_lib_shutdown_fp_trap_1              0x08000233   Thumb Code     0  libshutdown2.o(.ARM.Collect$$libshutdown$$00000007)
    __rt_lib_shutdown_heap_1                 0x08000233   Thumb Code     0  libshutdown2.o(.ARM.Collect$$libshutdown$$0000000F)
    __rt_lib_shutdown_return                 0x08000233   Thumb Code     0  libshutdown2.o(.ARM.Collect$$libshutdown$$00000010)
    __rt_lib_shutdown_signal_1               0x08000233   Thumb Code     0  libshutdown2.o(.ARM.Collect$$libshutdown$$0000000A)
    __rt_lib_shutdown_stdio_1                0x08000233   Thumb Code     0  libshutdown2.o(.ARM.Collect$$libshutdown$$00000004)
    __rt_lib_shutdown_user_alloc_1           0x08000233   Thumb Code     0  libshutdown2.o(.ARM.Collect$$libshutdown$$0000000C)
    __rt_entry                               0x08000235   Thumb Code     0  __rtentry.o(.ARM.Collect$$rtentry$$00000000)
    __rt_entry_presh_1                       0x08000235   Thumb Code     0  __rtentry2.o(.ARM.Collect$$rtentry$$00000002)
    __rt_entry_sh                            0x08000235   Thumb Code     0  __rtentry4.o(.ARM.Collect$$rtentry$$00000004)
    __rt_entry_li                            0x0800023b   Thumb Code     0  __rtentry2.o(.ARM.Collect$$rtentry$$0000000A)
    __rt_entry_postsh_1                      0x0800023b   Thumb Code     0  __rtentry2.o(.ARM.Collect$$rtentry$$00000009)
    __rt_entry_main                          0x0800023f   Thumb Code     0  __rtentry2.o(.ARM.Collect$$rtentry$$0000000D)
    __rt_entry_postli_1                      0x0800023f   Thumb Code     0  __rtentry2.o(.ARM.Collect$$rtentry$$0000000C)
    __rt_exit                                0x08000247   Thumb Code     0  rtexit.o(.ARM.Collect$$rtexit$$00000000)
    __rt_exit_ls                             0x08000249   Thumb Code     0  rtexit2.o(.ARM.Collect$$rtexit$$00000003)
    __rt_exit_prels_1                        0x08000249   Thumb Code     0  rtexit2.o(.ARM.Collect$$rtexit$$00000002)
    __rt_exit_exit                           0x0800024d   Thumb Code     0  rtexit2.o(.ARM.Collect$$rtexit$$00000004)
    Reset_Handler                            0x08000255   Thumb Code     8  startup_stm32f407xx.o(.text)
    ADC_IRQHandler                           0x0800026f   Thumb Code     0  startup_stm32f407xx.o(.text)
    CAN1_RX0_IRQHandler                      0x0800026f   Thumb Code     0  startup_stm32f407xx.o(.text)
    CAN1_RX1_IRQHandler                      0x0800026f   Thumb Code     0  startup_stm32f407xx.o(.text)
    CAN1_SCE_IRQHandler                      0x0800026f   Thumb Code     0  startup_stm32f407xx.o(.text)
    CAN1_TX_IRQHandler                       0x0800026f   Thumb Code     0  startup_stm32f407xx.o(.text)
    CAN2_RX0_IRQHandler                      0x0800026f   Thumb Code     0  startup_stm32f407xx.o(.text)
    CAN2_RX1_IRQHandler                      0x0800026f   Thumb Code     0  startup_stm32f407xx.o(.text)
    CAN2_SCE_IRQHandler                      0x0800026f   Thumb Code     0  startup_stm32f407xx.o(.text)
    CAN2_TX_IRQHandler                       0x0800026f   Thumb Code     0  startup_stm32f407xx.o(.text)
    DCMI_IRQHandler                          0x0800026f   Thumb Code     0  startup_stm32f407xx.o(.text)
    DMA1_Stream0_IRQHandler                  0x0800026f   Thumb Code     0  startup_stm32f407xx.o(.text)
    DMA1_Stream1_IRQHandler                  0x0800026f   Thumb Code     0  startup_stm32f407xx.o(.text)
    DMA1_Stream2_IRQHandler                  0x0800026f   Thumb Code     0  startup_stm32f407xx.o(.text)
    DMA1_Stream4_IRQHandler                  0x0800026f   Thumb Code     0  startup_stm32f407xx.o(.text)
    DMA1_Stream6_IRQHandler                  0x0800026f   Thumb Code     0  startup_stm32f407xx.o(.text)
    DMA1_Stream7_IRQHandler                  0x0800026f   Thumb Code     0  startup_stm32f407xx.o(.text)
    DMA2_Stream0_IRQHandler                  0x0800026f   Thumb Code     0  startup_stm32f407xx.o(.text)
    DMA2_Stream1_IRQHandler                  0x0800026f   Thumb Code     0  startup_stm32f407xx.o(.text)
    DMA2_Stream2_IRQHandler                  0x0800026f   Thumb Code     0  startup_stm32f407xx.o(.text)
    DMA2_Stream3_IRQHandler                  0x0800026f   Thumb Code     0  startup_stm32f407xx.o(.text)
    DMA2_Stream4_IRQHandler                  0x0800026f   Thumb Code     0  startup_stm32f407xx.o(.text)
    DMA2_Stream5_IRQHandler                  0x0800026f   Thumb Code     0  startup_stm32f407xx.o(.text)
    DMA2_Stream6_IRQHandler                  0x0800026f   Thumb Code     0  startup_stm32f407xx.o(.text)
    DMA2_Stream7_IRQHandler                  0x0800026f   Thumb Code     0  startup_stm32f407xx.o(.text)
    ETH_IRQHandler                           0x0800026f   Thumb Code     0  startup_stm32f407xx.o(.text)
    ETH_WKUP_IRQHandler                      0x0800026f   Thumb Code     0  startup_stm32f407xx.o(.text)
    EXTI0_IRQHandler                         0x0800026f   Thumb Code     0  startup_stm32f407xx.o(.text)
    EXTI15_10_IRQHandler                     0x0800026f   Thumb Code     0  startup_stm32f407xx.o(.text)
    EXTI1_IRQHandler                         0x0800026f   Thumb Code     0  startup_stm32f407xx.o(.text)
    EXTI2_IRQHandler                         0x0800026f   Thumb Code     0  startup_stm32f407xx.o(.text)
    EXTI3_IRQHandler                         0x0800026f   Thumb Code     0  startup_stm32f407xx.o(.text)
    EXTI4_IRQHandler                         0x0800026f   Thumb Code     0  startup_stm32f407xx.o(.text)
    EXTI9_5_IRQHandler                       0x0800026f   Thumb Code     0  startup_stm32f407xx.o(.text)
    FLASH_IRQHandler                         0x0800026f   Thumb Code     0  startup_stm32f407xx.o(.text)
    FMC_IRQHandler                           0x0800026f   Thumb Code     0  startup_stm32f407xx.o(.text)
    FPU_IRQHandler                           0x0800026f   Thumb Code     0  startup_stm32f407xx.o(.text)
    HASH_RNG_IRQHandler                      0x0800026f   Thumb Code     0  startup_stm32f407xx.o(.text)
    I2C1_ER_IRQHandler                       0x0800026f   Thumb Code     0  startup_stm32f407xx.o(.text)
    I2C1_EV_IRQHandler                       0x0800026f   Thumb Code     0  startup_stm32f407xx.o(.text)
    I2C2_ER_IRQHandler                       0x0800026f   Thumb Code     0  startup_stm32f407xx.o(.text)
    I2C2_EV_IRQHandler                       0x0800026f   Thumb Code     0  startup_stm32f407xx.o(.text)
    I2C3_ER_IRQHandler                       0x0800026f   Thumb Code     0  startup_stm32f407xx.o(.text)
    I2C3_EV_IRQHandler                       0x0800026f   Thumb Code     0  startup_stm32f407xx.o(.text)
    OTG_FS_IRQHandler                        0x0800026f   Thumb Code     0  startup_stm32f407xx.o(.text)
    OTG_FS_WKUP_IRQHandler                   0x0800026f   Thumb Code     0  startup_stm32f407xx.o(.text)
    OTG_HS_EP1_IN_IRQHandler                 0x0800026f   Thumb Code     0  startup_stm32f407xx.o(.text)
    OTG_HS_EP1_OUT_IRQHandler                0x0800026f   Thumb Code     0  startup_stm32f407xx.o(.text)
    OTG_HS_IRQHandler                        0x0800026f   Thumb Code     0  startup_stm32f407xx.o(.text)
    OTG_HS_WKUP_IRQHandler                   0x0800026f   Thumb Code     0  startup_stm32f407xx.o(.text)
    PVD_IRQHandler                           0x0800026f   Thumb Code     0  startup_stm32f407xx.o(.text)
    RCC_IRQHandler                           0x0800026f   Thumb Code     0  startup_stm32f407xx.o(.text)
    RTC_Alarm_IRQHandler                     0x0800026f   Thumb Code     0  startup_stm32f407xx.o(.text)
    RTC_WKUP_IRQHandler                      0x0800026f   Thumb Code     0  startup_stm32f407xx.o(.text)
    SDIO_IRQHandler                          0x0800026f   Thumb Code     0  startup_stm32f407xx.o(.text)
    SPI1_IRQHandler                          0x0800026f   Thumb Code     0  startup_stm32f407xx.o(.text)
    SPI2_IRQHandler                          0x0800026f   Thumb Code     0  startup_stm32f407xx.o(.text)
    SPI3_IRQHandler                          0x0800026f   Thumb Code     0  startup_stm32f407xx.o(.text)
    TAMP_STAMP_IRQHandler                    0x0800026f   Thumb Code     0  startup_stm32f407xx.o(.text)
    TIM1_BRK_TIM9_IRQHandler                 0x0800026f   Thumb Code     0  startup_stm32f407xx.o(.text)
    TIM1_CC_IRQHandler                       0x0800026f   Thumb Code     0  startup_stm32f407xx.o(.text)
    TIM1_TRG_COM_TIM11_IRQHandler            0x0800026f   Thumb Code     0  startup_stm32f407xx.o(.text)
    TIM1_UP_TIM10_IRQHandler                 0x0800026f   Thumb Code     0  startup_stm32f407xx.o(.text)
    TIM2_IRQHandler                          0x0800026f   Thumb Code     0  startup_stm32f407xx.o(.text)
    TIM3_IRQHandler                          0x0800026f   Thumb Code     0  startup_stm32f407xx.o(.text)
    TIM4_IRQHandler                          0x0800026f   Thumb Code     0  startup_stm32f407xx.o(.text)
    TIM5_IRQHandler                          0x0800026f   Thumb Code     0  startup_stm32f407xx.o(.text)
    TIM6_DAC_IRQHandler                      0x0800026f   Thumb Code     0  startup_stm32f407xx.o(.text)
    TIM7_IRQHandler                          0x0800026f   Thumb Code     0  startup_stm32f407xx.o(.text)
    TIM8_BRK_TIM12_IRQHandler                0x0800026f   Thumb Code     0  startup_stm32f407xx.o(.text)
    TIM8_CC_IRQHandler                       0x0800026f   Thumb Code     0  startup_stm32f407xx.o(.text)
    TIM8_TRG_COM_TIM14_IRQHandler            0x0800026f   Thumb Code     0  startup_stm32f407xx.o(.text)
    TIM8_UP_TIM13_IRQHandler                 0x0800026f   Thumb Code     0  startup_stm32f407xx.o(.text)
    UART4_IRQHandler                         0x0800026f   Thumb Code     0  startup_stm32f407xx.o(.text)
    UART5_IRQHandler                         0x0800026f   Thumb Code     0  startup_stm32f407xx.o(.text)
    USART1_IRQHandler                        0x0800026f   Thumb Code     0  startup_stm32f407xx.o(.text)
    USART2_IRQHandler                        0x0800026f   Thumb Code     0  startup_stm32f407xx.o(.text)
    USART3_IRQHandler                        0x0800026f   Thumb Code     0  startup_stm32f407xx.o(.text)
    USART6_IRQHandler                        0x0800026f   Thumb Code     0  startup_stm32f407xx.o(.text)
    WWDG_IRQHandler                          0x0800026f   Thumb Code     0  startup_stm32f407xx.o(.text)
    __user_initial_stackheap                 0x08000271   Thumb Code     0  startup_stm32f407xx.o(.text)
    PDM_Filter_Init                          0x08000295   Thumb Code   486  pdm_filter.o(.text)
    PDM_Filter_setConfig                     0x0800047d   Thumb Code   492  pdm_filter.o(.text)
    PDM_Filter_getConfig                     0x08000669   Thumb Code    30  pdm_filter.o(.text)
    PDM_Filter                               0x08000687   Thumb Code    52  pdm_filter.o(.text)
    __aeabi_uldivmod                         0x08002055   Thumb Code     0  lludivv7m.o(.text)
    _ll_udiv                                 0x08002055   Thumb Code   240  lludivv7m.o(.text)
    __aeabi_memcpy4                          0x08002145   Thumb Code     0  rt_memcpy_w.o(.text)
    __aeabi_memcpy8                          0x08002145   Thumb Code     0  rt_memcpy_w.o(.text)
    __rt_memcpy_w                            0x08002145   Thumb Code   100  rt_memcpy_w.o(.text)
    _memcpy_lastbytes_aligned                0x0800218d   Thumb Code     0  rt_memcpy_w.o(.text)
    __aeabi_memclr                           0x080021a9   Thumb Code     0  rt_memclr.o(.text)
    __rt_memclr                              0x080021a9   Thumb Code     0  rt_memclr.o(.text)
    _memset                                  0x080021ad   Thumb Code    64  rt_memclr.o(.text)
    __aeabi_memclr4                          0x080021ed   Thumb Code     0  rt_memclr_w.o(.text)
    __aeabi_memclr8                          0x080021ed   Thumb Code     0  rt_memclr_w.o(.text)
    __rt_memclr_w                            0x080021ed   Thumb Code     0  rt_memclr_w.o(.text)
    _memset_w                                0x080021f1   Thumb Code    74  rt_memclr_w.o(.text)
    __use_two_region_memory                  0x0800223b   Thumb Code     2  heapauxi.o(.text)
    __rt_heap_escrow$2region                 0x0800223d   Thumb Code     2  heapauxi.o(.text)
    __rt_heap_expand$2region                 0x0800223f   Thumb Code     2  heapauxi.o(.text)
    __read_errno                             0x08002241   Thumb Code    10  _rserrno.o(.text)
    __set_errno                              0x0800224b   Thumb Code    12  _rserrno.o(.text)
    __aeabi_errno_addr                       0x08002259   Thumb Code     8  rt_errno_addr_intlibspace.o(.text)
    __errno$intlibspace                      0x08002259   Thumb Code     0  rt_errno_addr_intlibspace.o(.text)
    __rt_errno_addr$intlibspace              0x08002259   Thumb Code     0  rt_errno_addr_intlibspace.o(.text)
    __user_libspace                          0x08002261   Thumb Code     8  libspace.o(.text)
    __user_perproc_libspace                  0x08002261   Thumb Code     0  libspace.o(.text)
    __user_perthread_libspace                0x08002261   Thumb Code     0  libspace.o(.text)
    __user_setup_stackheap                   0x08002269   Thumb Code    74  sys_stackheap_outer.o(.text)
    exit                                     0x080022b3   Thumb Code    18  exit.o(.text)
    _sys_exit                                0x080022c5   Thumb Code     8  sys_exit.o(.text)
    __I$use$semihosting                      0x080022d1   Thumb Code     0  use_no_semi.o(.text)
    __use_no_semihosting_swi                 0x080022d1   Thumb Code     2  use_no_semi.o(.text)
    __semihosting_library_function           0x080022d3   Thumb Code     0  indicate_semi.o(.text)
    BusFault_Handler                         0x080022d5   Thumb Code     2  stm32f4xx_it.o(.text.BusFault_Handler)
    CS43_Enable_RightLeft                    0x080022d9   Thumb Code    70  my_cs43l22.o(.text.CS43_Enable_RightLeft)
    CS43_Init                                0x08002321   Thumb Code   554  my_cs43l22.o(.text.CS43_Init)
    CS43_SetVolume                           0x0800254d   Thumb Code   134  my_cs43l22.o(.text.CS43_SetVolume)
    CS43_Start                               0x080025d5   Thumb Code   216  my_cs43l22.o(.text.CS43_Start)
    DMA1_Stream3_IRQHandler                  0x080026ad   Thumb Code    12  stm32f4xx_it.o(.text.DMA1_Stream3_IRQHandler)
    DMA1_Stream5_IRQHandler                  0x080026b9   Thumb Code    12  stm32f4xx_it.o(.text.DMA1_Stream5_IRQHandler)
    DebugMon_Handler                         0x080026c5   Thumb Code     2  stm32f4xx_it.o(.text.DebugMon_Handler)
    Error_Handler                            0x080026c9   Thumb Code     6  main.o(.text.Error_Handler)
    HAL_CRC_Init                             0x080026d1   Thumb Code    46  stm32f4xx_hal_crc.o(.text.HAL_CRC_Init)
    HAL_CRC_MspInit                          0x08002701   Thumb Code    48  stm32f4xx_hal_msp.o(.text.HAL_CRC_MspInit)
    HAL_DMA_IRQHandler                       0x08002731   Thumb Code   432  stm32f4xx_hal_dma.o(.text.HAL_DMA_IRQHandler)
    HAL_DMA_Init                             0x080028e1   Thumb Code   340  stm32f4xx_hal_dma.o(.text.HAL_DMA_Init)
    HAL_DMA_Start_IT                         0x08002a35   Thumb Code   160  stm32f4xx_hal_dma.o(.text.HAL_DMA_Start_IT)
    HAL_GPIO_Init                            0x08002ad5   Thumb Code   414  stm32f4xx_hal_gpio.o(.text.HAL_GPIO_Init)
    HAL_GPIO_WritePin                        0x08002c75   Thumb Code    10  stm32f4xx_hal_gpio.o(.text.HAL_GPIO_WritePin)
    HAL_GetTick                              0x08002c81   Thumb Code    12  stm32f4xx_hal.o(.text.HAL_GetTick)
    HAL_I2C_Init                             0x08002c8d   Thumb Code   348  stm32f4xx_hal_i2c.o(.text.HAL_I2C_Init)
    HAL_I2C_Master_Receive                   0x08002de9   Thumb Code   768  stm32f4xx_hal_i2c.o(.text.HAL_I2C_Master_Receive)
    HAL_I2C_Master_Transmit                  0x080030e9   Thumb Code   454  stm32f4xx_hal_i2c.o(.text.HAL_I2C_Master_Transmit)
    HAL_I2C_MspInit                          0x080032b1   Thumb Code   118  stm32f4xx_hal_msp.o(.text.HAL_I2C_MspInit)
    HAL_I2SEx_FullDuplex_IRQHandler          0x08003329   Thumb Code   608  stm32f4xx_hal_i2s_ex.o(.text.HAL_I2SEx_FullDuplex_IRQHandler)
    HAL_I2SEx_TxRxCpltCallback               0x08003589   Thumb Code     2  stm32f4xx_hal_i2s_ex.o(.text.HAL_I2SEx_TxRxCpltCallback)
    HAL_I2S_ErrorCallback                    0x0800358d   Thumb Code     2  stm32f4xx_hal_i2s.o(.text.HAL_I2S_ErrorCallback)
    HAL_I2S_Init                             0x08003591   Thumb Code   360  stm32f4xx_hal_i2s.o(.text.HAL_I2S_Init)
    HAL_I2S_MspInit                          0x080036f9   Thumb Code   490  stm32f4xx_hal_msp.o(.text.HAL_I2S_MspInit)
    HAL_I2S_Receive_DMA                      0x080038e5   Thumb Code   242  stm32f4xx_hal_i2s.o(.text.HAL_I2S_Receive_DMA)
    HAL_I2S_RxCpltCallback                   0x080039d9   Thumb Code    48  main.o(.text.HAL_I2S_RxCpltCallback)
    HAL_I2S_RxHalfCpltCallback               0x08003a09   Thumb Code    44  main.o(.text.HAL_I2S_RxHalfCpltCallback)
    HAL_I2S_Transmit_DMA                     0x08003a35   Thumb Code   204  stm32f4xx_hal_i2s.o(.text.HAL_I2S_Transmit_DMA)
    HAL_I2S_TxCpltCallback                   0x08003b01   Thumb Code     2  stm32f4xx_hal_i2s.o(.text.HAL_I2S_TxCpltCallback)
    HAL_I2S_TxHalfCpltCallback               0x08003b05   Thumb Code     2  stm32f4xx_hal_i2s.o(.text.HAL_I2S_TxHalfCpltCallback)
    HAL_IncTick                              0x08003b09   Thumb Code    26  stm32f4xx_hal.o(.text.HAL_IncTick)
    HAL_Init                                 0x08003b25   Thumb Code    54  stm32f4xx_hal.o(.text.HAL_Init)
    HAL_InitTick                             0x08003b5d   Thumb Code    72  stm32f4xx_hal.o(.text.HAL_InitTick)
    HAL_MspInit                              0x08003ba5   Thumb Code    60  stm32f4xx_hal_msp.o(.text.HAL_MspInit)
    HAL_NVIC_EnableIRQ                       0x08003be1   Thumb Code    32  stm32f4xx_hal_cortex.o(.text.HAL_NVIC_EnableIRQ)
    HAL_NVIC_SetPriority                     0x08003c01   Thumb Code    86  stm32f4xx_hal_cortex.o(.text.HAL_NVIC_SetPriority)
    HAL_NVIC_SetPriorityGrouping             0x08003c59   Thumb Code    32  stm32f4xx_hal_cortex.o(.text.HAL_NVIC_SetPriorityGrouping)
    HAL_RCCEx_GetPeriphCLKFreq               0x08003c79   Thumb Code    88  stm32f4xx_hal_rcc_ex.o(.text.HAL_RCCEx_GetPeriphCLKFreq)
    HAL_RCCEx_PeriphCLKConfig                0x08003cd1   Thumb Code   330  stm32f4xx_hal_rcc_ex.o(.text.HAL_RCCEx_PeriphCLKConfig)
    HAL_RCC_ClockConfig                      0x08003e1d   Thumb Code   356  stm32f4xx_hal_rcc.o(.text.HAL_RCC_ClockConfig)
    HAL_RCC_GetPCLK1Freq                     0x08003f81   Thumb Code    38  stm32f4xx_hal_rcc.o(.text.HAL_RCC_GetPCLK1Freq)
    HAL_RCC_GetSysClockFreq                  0x08003fa9   Thumb Code   108  stm32f4xx_hal_rcc.o(.text.HAL_RCC_GetSysClockFreq)
    HAL_RCC_OscConfig                        0x08004015   Thumb Code   940  stm32f4xx_hal_rcc.o(.text.HAL_RCC_OscConfig)
    HAL_SYSTICK_Config                       0x080043c1   Thumb Code    44  stm32f4xx_hal_cortex.o(.text.HAL_SYSTICK_Config)
    HardFault_Handler                        0x080043ed   Thumb Code     2  stm32f4xx_it.o(.text.HardFault_Handler)
    MX_PDM2PCM_Init                          0x080049ed   Thumb Code    62  pdm2pcm.o(.text.MX_PDM2PCM_Init)
    MemManage_Handler                        0x08004a2d   Thumb Code     2  stm32f4xx_it.o(.text.MemManage_Handler)
    NMI_Handler                              0x08004a31   Thumb Code     2  stm32f4xx_it.o(.text.NMI_Handler)
    PendSV_Handler                           0x08004a35   Thumb Code     2  stm32f4xx_it.o(.text.PendSV_Handler)
    SVC_Handler                              0x08004a39   Thumb Code     2  stm32f4xx_it.o(.text.SVC_Handler)
    SysTick_Handler                          0x08004a3d   Thumb Code     4  stm32f4xx_it.o(.text.SysTick_Handler)
    SystemClock_Config                       0x08004a41   Thumb Code   172  main.o(.text.SystemClock_Config)
    SystemInit                               0x08004aed   Thumb Code    18  system_stm32f4xx.o(.text.SystemInit)
    UsageFault_Handler                       0x08004b01   Thumb Code     2  stm32f4xx_it.o(.text.UsageFault_Handler)
    main                                     0x08004b05   Thumb Code   514  main.o(.text.main)
    __ARM_fpclassifyf                        0x08004d07   Thumb Code    38  fpclassifyf.o(i.__ARM_fpclassifyf)
    __hardfp_powf                            0x08004d2d   Thumb Code  1606  powf.o(i.__hardfp_powf)
    __mathlib_powf                           0x08004d2d   Thumb Code     0  powf.o(i.__hardfp_powf)
    __hardfp_roundf                          0x08005391   Thumb Code   154  roundf.o(i.__hardfp_roundf)
    __mathlib_flt_divzero                    0x0800542d   Thumb Code    14  funder.o(i.__mathlib_flt_divzero)
    __mathlib_flt_infnan2                    0x08005441   Thumb Code     6  funder.o(i.__mathlib_flt_infnan2)
    __mathlib_flt_invalid                    0x08005449   Thumb Code    10  funder.o(i.__mathlib_flt_invalid)
    __mathlib_flt_overflow                   0x08005459   Thumb Code    10  funder.o(i.__mathlib_flt_overflow)
    __mathlib_flt_underflow                  0x08005469   Thumb Code    10  funder.o(i.__mathlib_flt_underflow)
    powf                                     0x08005479   Thumb Code    20  powf.o(i.powf)
    roundf                                   0x0800548d   Thumb Code    16  roundf.o(i.roundf)
    __fpl_fnaninf                            0x0800549d   Thumb Code   140  fnaninf.o(x$fpl$fnaninf)
    _fp_init                                 0x08005529   Thumb Code    26  fpinit.o(x$fpl$fpinit)
    __fplib_config_fpu_vfp                   0x08005541   Thumb Code     0  fpinit.o(x$fpl$fpinit)
    __fplib_config_pureend_doubles           0x08005541   Thumb Code     0  fpinit.o(x$fpl$fpinit)
    _frnd                                    0x08005545   Thumb Code    96  frnd.o(x$fpl$frnd)
    __I$use$fp                               0x080055a4   Number         0  usenofp.o(x$fpl$usenofp)
    AHBPrescTable                            0x080056e4   Data          16  system_stm32f4xx.o(.rodata.AHBPrescTable)
    APBPrescTable                            0x080056f4   Data           8  system_stm32f4xx.o(.rodata.APBPrescTable)
    Region$$Table$$Base                      0x08005704   Number         0  anon$$obj.o(Region$$Table)
    Region$$Table$$Limit                     0x08005724   Number         0  anon$$obj.o(Region$$Table)
    uwTickPrio                               0x20000404   Data           4  stm32f4xx_hal.o(.data..L_MergedGlobals)
    uwTickFreq                               0x20000408   Data           4  stm32f4xx_hal.o(.data..L_MergedGlobals)
    SystemCoreClock                          0x2000040c   Data           4  system_stm32f4xx.o(.data.SystemCoreClock)
    __libspace_start                         0x20000410   Data          96  libspace.o(.bss)
    __temporary_stack_top$libspace           0x20000470   Data           0  libspace.o(.bss)
    hcrc                                     0x200004d0   Data          12  main.o(.bss..L_MergedGlobals)
    hi2s2                                    0x200004dc   Data          76  main.o(.bss..L_MergedGlobals)
    PDM1_filter_config                       0x20000528   Data           6  pdm2pcm.o(.bss..L_MergedGlobals)
    PDM1_filter_handler                      0x20000530   Data          76  pdm2pcm.o(.bss..L_MergedGlobals)
    hdma_spi2_rx                             0x2000057c   Data         100  main.o(.bss.hdma_spi2_rx)
    hdma_spi3_tx                             0x200005e0   Data         100  main.o(.bss.hdma_spi3_tx)
    hi2c1                                    0x20000644   Data          92  main.o(.bss.hi2c1)
    hi2s3                                    0x200006a0   Data          76  main.o(.bss.hi2s3)
    pcm_buffer                               0x200006ec   Data         128  main.o(.bss.pcm_buffer)
    pdm_buffer                               0x2000076c   Data         256  main.o(.bss.pdm_buffer)
    uwTick                                   0x2000086c   Data           4  stm32f4xx_hal.o(.bss.uwTick)



==============================================================================

Memory Map of the image

  Image Entry point : 0x08000189

  Load Region LR_IROM1 (Base: 0x08000000, Size: 0x00005b38, Max: 0x00100000, ABSOLUTE)

    Execution Region ER_IROM1 (Exec base: 0x08000000, Load base: 0x08000000, Size: 0x00005724, Max: 0x00100000, ABSOLUTE)

    Exec Addr    Load Addr    Size         Type   Attr      Idx    E Section Name        Object

    0x08000000   0x08000000   0x00000188   Data   RO            3    RESET               startup_stm32f407xx.o
    0x08000188   0x08000188   0x00000008   Code   RO          813  * !!!main             c_wu.l(__main.o)
    0x08000190   0x08000190   0x0000005c   Code   RO         1029    !!!scatter          c_wu.l(__scatter.o)
    0x080001ec   0x080001ec   0x0000001a   Code   RO         1033    !!handler_copy      c_wu.l(__scatter_copy.o)
    0x08000206   0x08000206   0x00000002   PAD
    0x08000208   0x08000208   0x00000002   Code   RO         1030    !!handler_null      c_wu.l(__scatter.o)
    0x0800020a   0x0800020a   0x00000002   PAD
    0x0800020c   0x0800020c   0x0000001c   Code   RO         1035    !!handler_zi        c_wu.l(__scatter_zi.o)
    0x08000228   0x08000228   0x00000002   Code   RO          894    .ARM.Collect$$libinit$$00000000  c_wu.l(libinit.o)
    0x0800022a   0x0800022a   0x00000004   Code   RO          903    .ARM.Collect$$libinit$$00000001  c_wu.l(libinit2.o)
    0x0800022e   0x0800022e   0x00000000   Code   RO          906    .ARM.Collect$$libinit$$00000004  c_wu.l(libinit2.o)
    0x0800022e   0x0800022e   0x00000000   Code   RO          908    .ARM.Collect$$libinit$$00000006  c_wu.l(libinit2.o)
    0x0800022e   0x0800022e   0x00000000   Code   RO          911    .ARM.Collect$$libinit$$0000000C  c_wu.l(libinit2.o)
    0x0800022e   0x0800022e   0x00000000   Code   RO          913    .ARM.Collect$$libinit$$0000000E  c_wu.l(libinit2.o)
    0x0800022e   0x0800022e   0x00000000   Code   RO          915    .ARM.Collect$$libinit$$00000010  c_wu.l(libinit2.o)
    0x0800022e   0x0800022e   0x00000000   Code   RO          918    .ARM.Collect$$libinit$$00000013  c_wu.l(libinit2.o)
    0x0800022e   0x0800022e   0x00000000   Code   RO          920    .ARM.Collect$$libinit$$00000015  c_wu.l(libinit2.o)
    0x0800022e   0x0800022e   0x00000000   Code   RO          922    .ARM.Collect$$libinit$$00000017  c_wu.l(libinit2.o)
    0x0800022e   0x0800022e   0x00000000   Code   RO          924    .ARM.Collect$$libinit$$00000019  c_wu.l(libinit2.o)
    0x0800022e   0x0800022e   0x00000000   Code   RO          926    .ARM.Collect$$libinit$$0000001B  c_wu.l(libinit2.o)
    0x0800022e   0x0800022e   0x00000000   Code   RO          928    .ARM.Collect$$libinit$$0000001D  c_wu.l(libinit2.o)
    0x0800022e   0x0800022e   0x00000000   Code   RO          930    .ARM.Collect$$libinit$$0000001F  c_wu.l(libinit2.o)
    0x0800022e   0x0800022e   0x00000000   Code   RO          932    .ARM.Collect$$libinit$$00000021  c_wu.l(libinit2.o)
    0x0800022e   0x0800022e   0x00000000   Code   RO          934    .ARM.Collect$$libinit$$00000023  c_wu.l(libinit2.o)
    0x0800022e   0x0800022e   0x00000000   Code   RO          936    .ARM.Collect$$libinit$$00000025  c_wu.l(libinit2.o)
    0x0800022e   0x0800022e   0x00000000   Code   RO          938    .ARM.Collect$$libinit$$00000027  c_wu.l(libinit2.o)
    0x0800022e   0x0800022e   0x00000000   Code   RO          942    .ARM.Collect$$libinit$$0000002E  c_wu.l(libinit2.o)
    0x0800022e   0x0800022e   0x00000000   Code   RO          944    .ARM.Collect$$libinit$$00000030  c_wu.l(libinit2.o)
    0x0800022e   0x0800022e   0x00000000   Code   RO          946    .ARM.Collect$$libinit$$00000032  c_wu.l(libinit2.o)
    0x0800022e   0x0800022e   0x00000000   Code   RO          948    .ARM.Collect$$libinit$$00000034  c_wu.l(libinit2.o)
    0x0800022e   0x0800022e   0x00000002   Code   RO          949    .ARM.Collect$$libinit$$00000035  c_wu.l(libinit2.o)
    0x08000230   0x08000230   0x00000002   Code   RO          984    .ARM.Collect$$libshutdown$$00000000  c_wu.l(libshutdown.o)
    0x08000232   0x08000232   0x00000000   Code   RO         1012    .ARM.Collect$$libshutdown$$00000002  c_wu.l(libshutdown2.o)
    0x08000232   0x08000232   0x00000000   Code   RO         1014    .ARM.Collect$$libshutdown$$00000004  c_wu.l(libshutdown2.o)
    0x08000232   0x08000232   0x00000000   Code   RO         1017    .ARM.Collect$$libshutdown$$00000007  c_wu.l(libshutdown2.o)
    0x08000232   0x08000232   0x00000000   Code   RO         1020    .ARM.Collect$$libshutdown$$0000000A  c_wu.l(libshutdown2.o)
    0x08000232   0x08000232   0x00000000   Code   RO         1022    .ARM.Collect$$libshutdown$$0000000C  c_wu.l(libshutdown2.o)
    0x08000232   0x08000232   0x00000000   Code   RO         1025    .ARM.Collect$$libshutdown$$0000000F  c_wu.l(libshutdown2.o)
    0x08000232   0x08000232   0x00000002   Code   RO         1026    .ARM.Collect$$libshutdown$$00000010  c_wu.l(libshutdown2.o)
    0x08000234   0x08000234   0x00000000   Code   RO          826    .ARM.Collect$$rtentry$$00000000  c_wu.l(__rtentry.o)
    0x08000234   0x08000234   0x00000000   Code   RO          855    .ARM.Collect$$rtentry$$00000002  c_wu.l(__rtentry2.o)
    0x08000234   0x08000234   0x00000006   Code   RO          867    .ARM.Collect$$rtentry$$00000004  c_wu.l(__rtentry4.o)
    0x0800023a   0x0800023a   0x00000000   Code   RO          857    .ARM.Collect$$rtentry$$00000009  c_wu.l(__rtentry2.o)
    0x0800023a   0x0800023a   0x00000004   Code   RO          858    .ARM.Collect$$rtentry$$0000000A  c_wu.l(__rtentry2.o)
    0x0800023e   0x0800023e   0x00000000   Code   RO          860    .ARM.Collect$$rtentry$$0000000C  c_wu.l(__rtentry2.o)
    0x0800023e   0x0800023e   0x00000008   Code   RO          861    .ARM.Collect$$rtentry$$0000000D  c_wu.l(__rtentry2.o)
    0x08000246   0x08000246   0x00000002   Code   RO          895    .ARM.Collect$$rtexit$$00000000  c_wu.l(rtexit.o)
    0x08000248   0x08000248   0x00000000   Code   RO          955    .ARM.Collect$$rtexit$$00000002  c_wu.l(rtexit2.o)
    0x08000248   0x08000248   0x00000004   Code   RO          956    .ARM.Collect$$rtexit$$00000003  c_wu.l(rtexit2.o)
    0x0800024c   0x0800024c   0x00000006   Code   RO          957    .ARM.Collect$$rtexit$$00000004  c_wu.l(rtexit2.o)
    0x08000252   0x08000252   0x00000002   PAD
    0x08000254   0x08000254   0x00000040   Code   RO            4    .text               startup_stm32f407xx.o
    0x08000294   0x08000294   0x00001dc0   Code   RO          778    .text               libPDMFilter_CM4_IAR_wc32.a(pdm_filter.o)
    0x08002054   0x08002054   0x000000f0   Code   RO          803    .text               c_wu.l(lludivv7m.o)
    0x08002144   0x08002144   0x00000064   Code   RO          805    .text               c_wu.l(rt_memcpy_w.o)
    0x080021a8   0x080021a8   0x00000044   Code   RO          807    .text               c_wu.l(rt_memclr.o)
    0x080021ec   0x080021ec   0x0000004e   Code   RO          809    .text               c_wu.l(rt_memclr_w.o)
    0x0800223a   0x0800223a   0x00000006   Code   RO          811    .text               c_wu.l(heapauxi.o)
    0x08002240   0x08002240   0x00000016   Code   RO          831    .text               c_wu.l(_rserrno.o)
    0x08002256   0x08002256   0x00000002   PAD
    0x08002258   0x08002258   0x00000008   Code   RO          874    .text               c_wu.l(rt_errno_addr_intlibspace.o)
    0x08002260   0x08002260   0x00000008   Code   RO          878    .text               c_wu.l(libspace.o)
    0x08002268   0x08002268   0x0000004a   Code   RO          881    .text               c_wu.l(sys_stackheap_outer.o)
    0x080022b2   0x080022b2   0x00000012   Code   RO          883    .text               c_wu.l(exit.o)
    0x080022c4   0x080022c4   0x0000000c   Code   RO          950    .text               c_wu.l(sys_exit.o)
    0x080022d0   0x080022d0   0x00000002   Code   RO          973    .text               c_wu.l(use_no_semi.o)
    0x080022d2   0x080022d2   0x00000000   Code   RO          975    .text               c_wu.l(indicate_semi.o)
    0x080022d2   0x080022d2   0x00000002   PAD
    0x080022d4   0x080022d4   0x00000002   Code   RO           66    .text.BusFault_Handler  stm32f4xx_it.o
    0x080022d6   0x080022d6   0x00000002   PAD
    0x080022d8   0x080022d8   0x00000046   Code   RO           13    .text.CS43_Enable_RightLeft  my_cs43l22.o
    0x0800231e   0x0800231e   0x00000002   PAD
    0x08002320   0x08002320   0x0000022a   Code   RO           11    .text.CS43_Init     my_cs43l22.o
    0x0800254a   0x0800254a   0x00000002   PAD
    0x0800254c   0x0800254c   0x00000086   Code   RO           15    .text.CS43_SetVolume  my_cs43l22.o
    0x080025d2   0x080025d2   0x00000002   PAD
    0x080025d4   0x080025d4   0x000000d8   Code   RO           17    .text.CS43_Start    my_cs43l22.o
    0x080026ac   0x080026ac   0x0000000c   Code   RO           78    .text.DMA1_Stream3_IRQHandler  stm32f4xx_it.o
    0x080026b8   0x080026b8   0x0000000c   Code   RO           80    .text.DMA1_Stream5_IRQHandler  stm32f4xx_it.o
    0x080026c4   0x080026c4   0x00000002   Code   RO           72    .text.DebugMon_Handler  stm32f4xx_it.o
    0x080026c6   0x080026c6   0x00000002   PAD
    0x080026c8   0x080026c8   0x00000006   Code   RO           42    .text.Error_Handler  main.o
    0x080026ce   0x080026ce   0x00000002   PAD
    0x080026d0   0x080026d0   0x0000002e   Code   RO          111    .text.HAL_CRC_Init  stm32f4xx_hal_crc.o
    0x080026fe   0x080026fe   0x00000002   PAD
    0x08002700   0x08002700   0x00000030   Code   RO           91    .text.HAL_CRC_MspInit  stm32f4xx_hal_msp.o
    0x08002730   0x08002730   0x000001b0   Code   RO          295    .text.HAL_DMA_IRQHandler  stm32f4xx_hal_dma.o
    0x080028e0   0x080028e0   0x00000154   Code   RO          281    .text.HAL_DMA_Init  stm32f4xx_hal_dma.o
    0x08002a34   0x08002a34   0x000000a0   Code   RO          287    .text.HAL_DMA_Start_IT  stm32f4xx_hal_dma.o
    0x08002ad4   0x08002ad4   0x0000019e   Code   RO          243    .text.HAL_GPIO_Init  stm32f4xx_hal_gpio.o
    0x08002c72   0x08002c72   0x00000002   PAD
    0x08002c74   0x08002c74   0x0000000a   Code   RO          249    .text.HAL_GPIO_WritePin  stm32f4xx_hal_gpio.o
    0x08002c7e   0x08002c7e   0x00000002   PAD
    0x08002c80   0x08002c80   0x0000000c   Code   RO          440    .text.HAL_GetTick   stm32f4xx_hal.o
    0x08002c8c   0x08002c8c   0x0000015c   Code   RO          518    .text.HAL_I2C_Init  stm32f4xx_hal_i2c.o
    0x08002de8   0x08002de8   0x00000300   Code   RO          534    .text.HAL_I2C_Master_Receive  stm32f4xx_hal_i2c.o
    0x080030e8   0x080030e8   0x000001c6   Code   RO          526    .text.HAL_I2C_Master_Transmit  stm32f4xx_hal_i2c.o
    0x080032ae   0x080032ae   0x00000002   PAD
    0x080032b0   0x080032b0   0x00000076   Code   RO           95    .text.HAL_I2C_MspInit  stm32f4xx_hal_msp.o
    0x08003326   0x08003326   0x00000002   PAD
    0x08003328   0x08003328   0x00000260   Code   RO          733    .text.HAL_I2SEx_FullDuplex_IRQHandler  stm32f4xx_hal_i2s_ex.o
    0x08003588   0x08003588   0x00000002   Code   RO          737    .text.HAL_I2SEx_TxRxCpltCallback  stm32f4xx_hal_i2s_ex.o
    0x0800358a   0x0800358a   0x00000002   PAD
    0x0800358c   0x0800358c   0x00000002   Code   RO          707    .text.HAL_I2S_ErrorCallback  stm32f4xx_hal_i2s.o
    0x0800358e   0x0800358e   0x00000002   PAD
    0x08003590   0x08003590   0x00000168   Code   RO          657    .text.HAL_I2S_Init  stm32f4xx_hal_i2s.o
    0x080036f8   0x080036f8   0x000001ea   Code   RO           99    .text.HAL_I2S_MspInit  stm32f4xx_hal_msp.o
    0x080038e2   0x080038e2   0x00000002   PAD
    0x080038e4   0x080038e4   0x000000f2   Code   RO          685    .text.HAL_I2S_Receive_DMA  stm32f4xx_hal_i2s.o
    0x080039d6   0x080039d6   0x00000002   PAD
    0x080039d8   0x080039d8   0x00000030   Code   RO           34    .text.HAL_I2S_RxCpltCallback  main.o
    0x08003a08   0x08003a08   0x0000002c   Code   RO           32    .text.HAL_I2S_RxHalfCpltCallback  main.o
    0x08003a34   0x08003a34   0x000000cc   Code   RO          677    .text.HAL_I2S_Transmit_DMA  stm32f4xx_hal_i2s.o
    0x08003b00   0x08003b00   0x00000002   Code   RO          701    .text.HAL_I2S_TxCpltCallback  stm32f4xx_hal_i2s.o
    0x08003b02   0x08003b02   0x00000002   PAD
    0x08003b04   0x08003b04   0x00000002   Code   RO          699    .text.HAL_I2S_TxHalfCpltCallback  stm32f4xx_hal_i2s.o
    0x08003b06   0x08003b06   0x00000002   PAD
    0x08003b08   0x08003b08   0x0000001a   Code   RO          438    .text.HAL_IncTick   stm32f4xx_hal.o
    0x08003b22   0x08003b22   0x00000002   PAD
    0x08003b24   0x08003b24   0x00000036   Code   RO          428    .text.HAL_Init      stm32f4xx_hal.o
    0x08003b5a   0x08003b5a   0x00000002   PAD
    0x08003b5c   0x08003b5c   0x00000048   Code   RO          430    .text.HAL_InitTick  stm32f4xx_hal.o
    0x08003ba4   0x08003ba4   0x0000003c   Code   RO           89    .text.HAL_MspInit   stm32f4xx_hal_msp.o
    0x08003be0   0x08003be0   0x00000020   Code   RO          380    .text.HAL_NVIC_EnableIRQ  stm32f4xx_hal_cortex.o
    0x08003c00   0x08003c00   0x00000056   Code   RO          378    .text.HAL_NVIC_SetPriority  stm32f4xx_hal_cortex.o
    0x08003c56   0x08003c56   0x00000002   PAD
    0x08003c58   0x08003c58   0x00000020   Code   RO          376    .text.HAL_NVIC_SetPriorityGrouping  stm32f4xx_hal_cortex.o
    0x08003c78   0x08003c78   0x00000058   Code   RO          173    .text.HAL_RCCEx_GetPeriphCLKFreq  stm32f4xx_hal_rcc_ex.o
    0x08003cd0   0x08003cd0   0x0000014a   Code   RO          169    .text.HAL_RCCEx_PeriphCLKConfig  stm32f4xx_hal_rcc_ex.o
    0x08003e1a   0x08003e1a   0x00000002   PAD
    0x08003e1c   0x08003e1c   0x00000164   Code   RO          137    .text.HAL_RCC_ClockConfig  stm32f4xx_hal_rcc.o
    0x08003f80   0x08003f80   0x00000026   Code   RO          149    .text.HAL_RCC_GetPCLK1Freq  stm32f4xx_hal_rcc.o
    0x08003fa6   0x08003fa6   0x00000002   PAD
    0x08003fa8   0x08003fa8   0x0000006c   Code   RO          139    .text.HAL_RCC_GetSysClockFreq  stm32f4xx_hal_rcc.o
    0x08004014   0x08004014   0x000003ac   Code   RO          135    .text.HAL_RCC_OscConfig  stm32f4xx_hal_rcc.o
    0x080043c0   0x080043c0   0x0000002c   Code   RO          388    .text.HAL_SYSTICK_Config  stm32f4xx_hal_cortex.o
    0x080043ec   0x080043ec   0x00000002   Code   RO           62    .text.HardFault_Handler  stm32f4xx_it.o
    0x080043ee   0x080043ee   0x00000002   PAD
    0x080043f0   0x080043f0   0x000000b4   Code   RO          532    .text.I2C_WaitOnBTFFlagUntilTimeout  stm32f4xx_hal_i2c.o
    0x080044a4   0x080044a4   0x000001be   Code   RO          528    .text.I2C_WaitOnFlagUntilTimeout  stm32f4xx_hal_i2c.o
    0x08004662   0x08004662   0x00000002   PAD
    0x08004664   0x08004664   0x000000d2   Code   RO          646    .text.I2C_WaitOnMasterAddressFlagUntilTimeout  stm32f4xx_hal_i2c.o
    0x08004736   0x08004736   0x00000002   PAD
    0x08004738   0x08004738   0x00000088   Code   RO          536    .text.I2C_WaitOnRXNEFlagUntilTimeout  stm32f4xx_hal_i2c.o
    0x080047c0   0x080047c0   0x000000b4   Code   RO          530    .text.I2C_WaitOnTXEFlagUntilTimeout  stm32f4xx_hal_i2c.o
    0x08004874   0x08004874   0x00000022   Code   RO          683    .text.I2S_DMAError  stm32f4xx_hal_i2s.o
    0x08004896   0x08004896   0x00000002   PAD
    0x08004898   0x08004898   0x00000022   Code   RO          689    .text.I2S_DMARxCplt  stm32f4xx_hal_i2s.o
    0x080048ba   0x080048ba   0x00000002   PAD
    0x080048bc   0x080048bc   0x00000006   Code   RO          687    .text.I2S_DMARxHalfCplt  stm32f4xx_hal_i2s.o
    0x080048c2   0x080048c2   0x00000002   PAD
    0x080048c4   0x080048c4   0x00000022   Code   RO          681    .text.I2S_DMATxCplt  stm32f4xx_hal_i2s.o
    0x080048e6   0x080048e6   0x00000002   PAD
    0x080048e8   0x080048e8   0x00000006   Code   RO          679    .text.I2S_DMATxHalfCplt  stm32f4xx_hal_i2s.o
    0x080048ee   0x080048ee   0x00000002   PAD
    0x080048f0   0x080048f0   0x000000fc   Code   RO          659    .text.I2S_IRQHandler  stm32f4xx_hal_i2s.o
    0x080049ec   0x080049ec   0x0000003e   Code   RO          764    .text.MX_PDM2PCM_Init  pdm2pcm.o
    0x08004a2a   0x08004a2a   0x00000002   PAD
    0x08004a2c   0x08004a2c   0x00000002   Code   RO           64    .text.MemManage_Handler  stm32f4xx_it.o
    0x08004a2e   0x08004a2e   0x00000002   PAD
    0x08004a30   0x08004a30   0x00000002   Code   RO           60    .text.NMI_Handler   stm32f4xx_it.o
    0x08004a32   0x08004a32   0x00000002   PAD
    0x08004a34   0x08004a34   0x00000002   Code   RO           74    .text.PendSV_Handler  stm32f4xx_it.o
    0x08004a36   0x08004a36   0x00000002   PAD
    0x08004a38   0x08004a38   0x00000002   Code   RO           70    .text.SVC_Handler   stm32f4xx_it.o
    0x08004a3a   0x08004a3a   0x00000002   PAD
    0x08004a3c   0x08004a3c   0x00000004   Code   RO           76    .text.SysTick_Handler  stm32f4xx_it.o
    0x08004a40   0x08004a40   0x000000ac   Code   RO           38    .text.SystemClock_Config  main.o
    0x08004aec   0x08004aec   0x00000012   Code   RO          749    .text.SystemInit    system_stm32f4xx.o
    0x08004afe   0x08004afe   0x00000002   PAD
    0x08004b00   0x08004b00   0x00000002   Code   RO           68    .text.UsageFault_Handler  stm32f4xx_it.o
    0x08004b02   0x08004b02   0x00000002   PAD
    0x08004b04   0x08004b04   0x00000202   Code   RO           36    .text.main          main.o
    0x08004d06   0x08004d06   0x00000026   Code   RO          838    i.__ARM_fpclassifyf  m_wm.l(fpclassifyf.o)
    0x08004d2c   0x08004d2c   0x00000664   Code   RO          815    i.__hardfp_powf     m_wm.l(powf.o)
    0x08005390   0x08005390   0x0000009a   Code   RO          822    i.__hardfp_roundf   m_wm.l(roundf.o)
    0x0800542a   0x0800542a   0x00000002   PAD
    0x0800542c   0x0800542c   0x00000014   Code   RO          840    i.__mathlib_flt_divzero  m_wm.l(funder.o)
    0x08005440   0x08005440   0x00000006   Code   RO          842    i.__mathlib_flt_infnan2  m_wm.l(funder.o)
    0x08005446   0x08005446   0x00000002   PAD
    0x08005448   0x08005448   0x00000010   Code   RO          843    i.__mathlib_flt_invalid  m_wm.l(funder.o)
    0x08005458   0x08005458   0x00000010   Code   RO          844    i.__mathlib_flt_overflow  m_wm.l(funder.o)
    0x08005468   0x08005468   0x00000010   Code   RO          846    i.__mathlib_flt_underflow  m_wm.l(funder.o)
    0x08005478   0x08005478   0x00000014   Code   RO          817    i.powf              m_wm.l(powf.o)
    0x0800548c   0x0800548c   0x00000010   Code   RO          823    i.roundf            m_wm.l(roundf.o)
    0x0800549c   0x0800549c   0x0000008c   Code   RO          876    x$fpl$fnaninf       fz_wm.l(fnaninf.o)
    0x08005528   0x08005528   0x0000001a   Code   RO          967    x$fpl$fpinit        fz_wm.l(fpinit.o)
    0x08005542   0x08005542   0x00000002   PAD
    0x08005544   0x08005544   0x00000060   Code   RO          833    x$fpl$frnd          fz_wm.l(frnd.o)
    0x080055a4   0x080055a4   0x00000000   Code   RO          837    x$fpl$usenofp       fz_wm.l(usenofp.o)
    0x080055a4   0x080055a4   0x00000140   Data   RO          818    .constdata          m_wm.l(powf.o)
    0x080056e4   0x080056e4   0x00000010   Data   RO          754    .rodata.AHBPrescTable  system_stm32f4xx.o
    0x080056f4   0x080056f4   0x00000008   Data   RO          755    .rodata.APBPrescTable  system_stm32f4xx.o
    0x080056fc   0x080056fc   0x00000008   Data   RO          305    .rodata.cst8        stm32f4xx_hal_dma.o
    0x08005704   0x08005704   0x00000020   Data   RO         1028    Region$$Table       anon$$obj.o


    Execution Region RW_IRAM1 (Exec base: 0x20000000, Load base: 0x08005728, Size: 0x00000e70, Max: 0x0001c000, ABSOLUTE)

    Exec Addr    Load Addr    Size         Type   Attr      Idx    E Section Name        Object

    0x20000000   0x08005728   0x00000404   Data   RW          777    .data               libPDMFilter_CM4_IAR_wc32.a(pdm_filter.o)
    0x20000404   0x08005b2c   0x00000008   Data   RW          483    .data..L_MergedGlobals  stm32f4xx_hal.o
    0x2000040c   0x08005b34   0x00000004   Data   RW          753    .data.SystemCoreClock  system_stm32f4xx.o
    0x20000410        -       0x00000060   Zero   RW          879    .bss                c_wu.l(libspace.o)
    0x20000470        -       0x00000060   Zero   RW           21    .bss..L_MergedGlobals  my_cs43l22.o
    0x200004d0        -       0x00000058   Zero   RW           51    .bss..L_MergedGlobals  main.o
    0x20000528        -       0x00000054   Zero   RW          768    .bss..L_MergedGlobals  pdm2pcm.o
    0x2000057c        -       0x00000064   Zero   RW           48    .bss.hdma_spi2_rx   main.o
    0x200005e0        -       0x00000064   Zero   RW           49    .bss.hdma_spi3_tx   main.o
    0x20000644        -       0x0000005c   Zero   RW           46    .bss.hi2c1          main.o
    0x200006a0        -       0x0000004c   Zero   RW           47    .bss.hi2s3          main.o
    0x200006ec        -       0x00000080   Zero   RW           45    .bss.pcm_buffer     main.o
    0x2000076c        -       0x00000100   Zero   RW           44    .bss.pdm_buffer     main.o
    0x2000086c        -       0x00000004   Zero   RW          482    .bss.uwTick         stm32f4xx_hal.o
    0x20000870        -       0x00000200   Zero   RW            2    HEAP                startup_stm32f407xx.o
    0x20000a70        -       0x00000400   Zero   RW            1    STACK               startup_stm32f407xx.o


    Execution Region RW_IRAM2 (Exec base: 0x2001c000, Load base: 0x08005b38, Size: 0x00000000, Max: 0x00004000, ABSOLUTE)

    **** No section assigned to this execution region ****


==============================================================================

Image component sizes


      Code (inc. data)   RO Data    RW Data    ZI Data      Debug   Object Name

       784          0          0          0        840      12487   main.o
       974          0          0          0         96       6903   my_cs43l22.o
        62          0          0          0         84       1576   pdm2pcm.o
        64         26        392          0       1536        836   startup_stm32f407xx.o
       164          0          0          8          4       7286   stm32f4xx_hal.o
       194          0          0          0          0      10713   stm32f4xx_hal_cortex.o
        46          0          0          0          0       3549   stm32f4xx_hal_crc.o
       932          6          8          0          0      10646   stm32f4xx_hal_dma.o
       424          0          0          0          0       5374   stm32f4xx_hal_gpio.o
      2722          0          0          0          0      45538   stm32f4xx_hal_i2c.o
      1178          0          0          0          0      14462   stm32f4xx_hal_i2s.o
       610          0          0          0          0      10090   stm32f4xx_hal_i2s_ex.o
       716          0          0          0          0       8016   stm32f4xx_hal_msp.o
      1442          0          0          0          0       7459   stm32f4xx_hal_rcc.o
       418          0          0          0          0       4420   stm32f4xx_hal_rcc_ex.o
        44          0          0          0          0       2942   stm32f4xx_it.o
        18          0         24          4          0       2659   system_stm32f4xx.o

    ----------------------------------------------------------------------
     10866         32        456         12       2560     154956   Object Totals
         0          0         32          0          0          0   (incl. Generated)
        74          0          0          0          0          0   (incl. Padding)

    ----------------------------------------------------------------------

      Code (inc. data)   RO Data    RW Data    ZI Data      Debug   Library Member Name

         8          0          0          0          0         68   __main.o
         0          0          0          0          0          0   __rtentry.o
        12          0          0          0          0          0   __rtentry2.o
         6          0          0          0          0          0   __rtentry4.o
        94          8          0          0          0          0   __scatter.o
        26          0          0          0          0          0   __scatter_copy.o
        28          0          0          0          0          0   __scatter_zi.o
        22          0          0          0          0        100   _rserrno.o
        18          0          0          0          0         80   exit.o
         6          0          0          0          0        152   heapauxi.o
         0          0          0          0          0          0   indicate_semi.o
         2          0          0          0          0          0   libinit.o
         6          0          0          0          0          0   libinit2.o
         2          0          0          0          0          0   libshutdown.o
         2          0          0          0          0          0   libshutdown2.o
         8          4          0          0         96         68   libspace.o
       240          0          0          0          0        100   lludivv7m.o
         8          4          0          0          0         68   rt_errno_addr_intlibspace.o
        68          0          0          0          0         68   rt_memclr.o
        78          0          0          0          0         80   rt_memclr_w.o
       100          0          0          0          0         80   rt_memcpy_w.o
         2          0          0          0          0          0   rtexit.o
        10          0          0          0          0          0   rtexit2.o
        12          4          0          0          0         68   sys_exit.o
        74          0          0          0          0         80   sys_stackheap_outer.o
         2          0          0          0          0         68   use_no_semi.o
       140          4          0          0          0        132   fnaninf.o
        26          0          0          0          0        116   fpinit.o
        96          4          0          0          0        124   frnd.o
         0          0          0          0          0          0   usenofp.o
      7616        352          0       1028          0        758   pdm_filter.o
        38          0          0          0          0        116   fpclassifyf.o
        74         24          0          0          0        580   funder.o
      1656        110        320          0          0        496   powf.o
       170          0          0          0          0        264   roundf.o

    ----------------------------------------------------------------------
     10666        514        320       1028         96       3666   Library Totals
        16          0          0          0          0          0   (incl. Padding)

    ----------------------------------------------------------------------

      Code (inc. data)   RO Data    RW Data    ZI Data      Debug   Library Name

       834         20          0          0         96       1080   c_wu.l
       262          8          0          0          0        372   fz_wm.l
      7616        352          0       1028          0        758   libPDMFilter_CM4_IAR_wc32.a
      1938        134        320          0          0       1456   m_wm.l

    ----------------------------------------------------------------------
     10666        514        320       1028         96       3666   Library Totals

    ----------------------------------------------------------------------

==============================================================================


      Code (inc. data)   RO Data    RW Data    ZI Data      Debug   

     21532        546        776       1040       2656     158894   Grand Totals
     21532        546        776       1040       2656     158894   ELF Image Totals
     21532        546        776       1040          0          0   ROM Totals

==============================================================================

    Total RO  Size (Code + RO Data)                22308 (  21.79kB)
    Total RW  Size (RW Data + ZI Data)              3696 (   3.61kB)
    Total ROM Size (Code + RO Data + RW Data)      23348 (  22.80kB)

==============================================================================

